Component: ARM Compiler 5.06 update 5 (build 528) Tool: armlink [4d35e2]

==============================================================================

Section Cross References

    delay.o(i.Delay_Init) refers to misc.o(i.SysTick_CLKSourceConfig) for SysTick_CLKSourceConfig
    delay.o(i.Delay_Init) refers to system_stm32f10x.o(.data) for SystemCoreClock
    delay.o(i.Delay_Init) refers to delay.o(.data) for fac_us
    delay.o(i.Delay_Ms) refers to delay.o(.data) for fac_ms
    delay.o(i.Delay_Us) refers to delay.o(.data) for fac_us
    main.o(i.main) refers to delay.o(i.Delay_Init) for Delay_Init
    main.o(i.main) refers to hal_led.o(i.HAL_LED_Init) for HAL_LED_Init
    main.o(i.main) refers to hal_electric.o(i.HAL_ELECTRIC_Init) for HAL_ELECTRIC_Init
    main.o(i.main) refers to hal_keyboard.o(i.HAL_KEYBOARD_Init) for HAL_KEYBOARD_Init
    main.o(i.main) refers to hal_timer.o(i.HAL_Timer_TIM4Init) for HAL_Timer_TIM4Init
    main.o(i.main) refers to hal_switch.o(i.HAL_AllSwitch_Init) for HAL_AllSwitch_Init
    main.o(i.main) refers to hal_uart.o(i.HAL_UART_Init) for HAL_UART_Init
    main.o(i.main) refers to stm32f10x_flash.o(i.FLASH_Unlock) for FLASH_Unlock
    main.o(i.main) refers to mid_keyboard.o(i.MID_KEYBOARD_KeyPressInit) for MID_KEYBOARD_KeyPressInit
    main.o(i.main) refers to mid_keyboard.o(i.MID_KEYBOARD_TASK) for MID_KEYBOARD_TASK
    main.o(i.main) refers to app_task.o(i.APP_MAIN_Task) for APP_MAIN_Task
    main.o(i.main) refers to global.o(.data) for g_u32Battery12VFlag
    pub_lib.o(i.PUB_LIB_CRC32) refers to pub_lib.o(.constdata) for crc32tab
    pub_lib.o(i.PUB_LIB_MemCmp) refers to memcmp.o(.text) for memcmp
    pub_lib.o(i.PUB_LIB_MemCpy) refers to memcpya.o(.text) for __aeabi_memcpy
    pub_lib.o(i.PUB_LIB_MemSet) refers to memseta.o(.text) for __aeabi_memset
    pub_lib.o(i.PUB_LIB_itoa) refers to pub_lib.o(i.PUB_LIB_Reverse8) for PUB_LIB_Reverse8
    system_stm32f10x.o(i.SetSysClock) refers to system_stm32f10x.o(i.SetSysClockTo72) for SetSysClockTo72
    system_stm32f10x.o(i.SystemCoreClockUpdate) refers to system_stm32f10x.o(.data) for SystemCoreClock
    system_stm32f10x.o(i.SystemInit) refers to system_stm32f10x.o(i.SetSysClock) for SetSysClock
    startup_stm32f10x_md.o(RESET) refers to startup_stm32f10x_md.o(STACK) for __initial_sp
    startup_stm32f10x_md.o(RESET) refers to startup_stm32f10x_md.o(.text) for Reset_Handler
    startup_stm32f10x_md.o(RESET) refers to stm32f10x_it.o(i.NMI_Handler) for NMI_Handler
    startup_stm32f10x_md.o(RESET) refers to stm32f10x_it.o(i.HardFault_Handler) for HardFault_Handler
    startup_stm32f10x_md.o(RESET) refers to stm32f10x_it.o(i.MemManage_Handler) for MemManage_Handler
    startup_stm32f10x_md.o(RESET) refers to stm32f10x_it.o(i.BusFault_Handler) for BusFault_Handler
    startup_stm32f10x_md.o(RESET) refers to stm32f10x_it.o(i.UsageFault_Handler) for UsageFault_Handler
    startup_stm32f10x_md.o(RESET) refers to stm32f10x_it.o(i.SVC_Handler) for SVC_Handler
    startup_stm32f10x_md.o(RESET) refers to stm32f10x_it.o(i.DebugMon_Handler) for DebugMon_Handler
    startup_stm32f10x_md.o(RESET) refers to stm32f10x_it.o(i.PendSV_Handler) for PendSV_Handler
    startup_stm32f10x_md.o(RESET) refers to stm32f10x_it.o(i.SysTick_Handler) for SysTick_Handler
    startup_stm32f10x_md.o(RESET) refers to hal_keyboard.o(i.EXTI0_IRQHandler) for EXTI0_IRQHandler
    startup_stm32f10x_md.o(RESET) refers to hal_keyboard.o(i.EXTI2_IRQHandler) for EXTI2_IRQHandler
    startup_stm32f10x_md.o(RESET) refers to hal_timer.o(i.TIM3_IRQHandler) for TIM3_IRQHandler
    startup_stm32f10x_md.o(RESET) refers to hal_timer.o(i.TIM4_IRQHandler) for TIM4_IRQHandler
    startup_stm32f10x_md.o(.text) refers to system_stm32f10x.o(i.SystemInit) for SystemInit
    startup_stm32f10x_md.o(.text) refers to entry.o(.ARM.Collect$$$$00000000) for __main
    hal_electric.o(i.HAL_ELECTRIC_ADAverageValue) refers to pub_lib.o(i.PUB_LIB_QuickSort) for PUB_LIB_QuickSort
    hal_electric.o(i.HAL_ELECTRIC_ADAverageValue) refers to hal_electric.o(.bss) for g_pu16ADC_ConverValue
    hal_electric.o(i.HAL_ELECTRIC_ADC1_GPIO_Config) refers to stm32f10x_rcc.o(i.RCC_AHBPeriphClockCmd) for RCC_AHBPeriphClockCmd
    hal_electric.o(i.HAL_ELECTRIC_ADC1_GPIO_Config) refers to stm32f10x_rcc.o(i.RCC_APB2PeriphClockCmd) for RCC_APB2PeriphClockCmd
    hal_electric.o(i.HAL_ELECTRIC_ADC1_GPIO_Config) refers to stm32f10x_rcc.o(i.RCC_ADCCLKConfig) for RCC_ADCCLKConfig
    hal_electric.o(i.HAL_ELECTRIC_ADC1_GPIO_Config) refers to stm32f10x_gpio.o(i.GPIO_Init) for GPIO_Init
    hal_electric.o(i.HAL_ELECTRIC_ADC1_Mode_Config) refers to stm32f10x_dma.o(i.DMA_DeInit) for DMA_DeInit
    hal_electric.o(i.HAL_ELECTRIC_ADC1_Mode_Config) refers to stm32f10x_dma.o(i.DMA_Init) for DMA_Init
    hal_electric.o(i.HAL_ELECTRIC_ADC1_Mode_Config) refers to stm32f10x_dma.o(i.DMA_Cmd) for DMA_Cmd
    hal_electric.o(i.HAL_ELECTRIC_ADC1_Mode_Config) refers to stm32f10x_adc.o(i.ADC_Init) for ADC_Init
[...]
    Removing stm32f10x_flash.o(i.FLASH_EraseAllPages), (72 bytes).
    Removing stm32f10x_flash.o(i.FLASH_EraseOptionBytes), (168 bytes).
    Removing stm32f10x_flash.o(i.FLASH_GetFlagStatus), (48 bytes).
    Removing stm32f10x_flash.o(i.FLASH_GetPrefetchBufferStatus), (24 bytes).
    Removing stm32f10x_flash.o(i.FLASH_GetReadOutProtectionStatus), (24 bytes).
    Removing stm32f10x_flash.o(i.FLASH_GetStatus), (52 bytes).
    Removing stm32f10x_flash.o(i.FLASH_GetUserOptionByte), (12 bytes).
    Removing stm32f10x_flash.o(i.FLASH_GetWriteProtectionOptionByte), (12 bytes).
    Removing stm32f10x_flash.o(i.FLASH_HalfCycleAccessCmd), (28 bytes).
    Removing stm32f10x_flash.o(i.FLASH_ITConfig), (32 bytes).
    Removing stm32f10x_flash.o(i.FLASH_Lock), (20 bytes).
    Removing stm32f10x_flash.o(i.FLASH_LockBank1), (20 bytes).
    Removing stm32f10x_flash.o(i.FLASH_PrefetchBufferCmd), (28 bytes).
    Removing stm32f10x_flash.o(i.FLASH_ProgramHalfWord), (64 bytes).
    Removing stm32f10x_flash.o(i.FLASH_ProgramOptionByteData), (84 bytes).
    Removing stm32f10x_flash.o(i.FLASH_ReadOutProtection), (172 bytes).
    Removing stm32f10x_flash.o(i.FLASH_SetLatency), (24 bytes).
    Removing stm32f10x_flash.o(i.FLASH_UnlockBank1), (24 bytes).
    Removing stm32f10x_flash.o(i.FLASH_UserOptionByteConfig), (104 bytes).
    Removing stm32f10x_flash.o(i.FLASH_WaitForLastBank1Operation), (38 bytes).
    Removing stm32f10x_gpio.o(i.GPIO_AFIODeInit), (20 bytes).
    Removing stm32f10x_gpio.o(i.GPIO_DeInit), (200 bytes).
    Removing stm32f10x_gpio.o(i.GPIO_ETH_MediaInterfaceConfig), (12 bytes).
    Removing stm32f10x_gpio.o(i.GPIO_EventOutputCmd), (12 bytes).
    Removing stm32f10x_gpio.o(i.GPIO_EventOutputConfig), (32 bytes).
    Removing stm32f10x_gpio.o(i.GPIO_PinLockConfig), (18 bytes).
    Removing stm32f10x_gpio.o(i.GPIO_PinRemapConfig), (144 bytes).
    Removing stm32f10x_gpio.o(i.GPIO_ReadInputData), (8 bytes).
    Removing stm32f10x_gpio.o(i.GPIO_ReadOutputData), (8 bytes).
    Removing stm32f10x_gpio.o(i.GPIO_ReadOutputDataBit), (18 bytes).
    Removing stm32f10x_gpio.o(i.GPIO_StructInit), (16 bytes).
    Removing stm32f10x_gpio.o(i.GPIO_Write), (4 bytes).
    Removing stm32f10x_gpio.o(i.GPIO_WriteBit), (10 bytes).
    Removing stm32f10x_rcc.o(i.RCC_AdjustHSICalibrationValue), (24 bytes).
    Removing stm32f10x_rcc.o(i.RCC_BackupResetCmd), (12 bytes).
    Removing stm32f10x_rcc.o(i.RCC_ClearFlag), (20 bytes).
    Removing stm32f10x_rcc.o(i.RCC_ClearITPendingBit), (12 bytes).
    Removing stm32f10x_rcc.o(i.RCC_ClockSecuritySystemCmd), (12 bytes).
    Removing stm32f10x_rcc.o(i.RCC_DeInit), (76 bytes).
    Removing stm32f10x_rcc.o(i.RCC_GetFlagStatus), (60 bytes).
    Removing stm32f10x_rcc.o(i.RCC_GetITStatus), (24 bytes).
    Removing stm32f10x_rcc.o(i.RCC_GetSYSCLKSource), (16 bytes).
    Removing stm32f10x_rcc.o(i.RCC_HCLKConfig), (24 bytes).
    Removing stm32f10x_rcc.o(i.RCC_HSEConfig), (76 bytes).
    Removing stm32f10x_rcc.o(i.RCC_HSICmd), (12 bytes).
    Removing stm32f10x_rcc.o(i.RCC_ITConfig), (32 bytes).
    Removing stm32f10x_rcc.o(i.RCC_LSEConfig), (52 bytes).
    Removing stm32f10x_rcc.o(i.RCC_LSICmd), (12 bytes).
    Removing stm32f10x_rcc.o(i.RCC_MCOConfig), (12 bytes).
    Removing stm32f10x_rcc.o(i.RCC_PCLK1Config), (24 bytes).
    Removing stm32f10x_rcc.o(i.RCC_PCLK2Config), (24 bytes).
    Removing stm32f10x_rcc.o(i.RCC_PLLCmd), (12 bytes).
    Removing stm32f10x_rcc.o(i.RCC_PLLConfig), (28 bytes).
    Removing stm32f10x_rcc.o(i.RCC_RTCCLKCmd), (12 bytes).
    Removing stm32f10x_rcc.o(i.RCC_RTCCLKConfig), (16 bytes).
    Removing stm32f10x_rcc.o(i.RCC_SYSCLKConfig), (24 bytes).
    Removing stm32f10x_rcc.o(i.RCC_USBCLKConfig), (12 bytes).
    Removing stm32f10x_rcc.o(i.RCC_WaitForHSEStartUp), (56 bytes).
    Removing stm32f10x_spi.o(i.I2S_Cmd), (24 bytes).
    Removing stm32f10x_spi.o(i.I2S_Init), (232 bytes).
    Removing stm32f10x_spi.o(i.I2S_StructInit), (20 bytes).
    Removing stm32f10x_spi.o(i.SPI_BiDirectionalLineConfig), (28 bytes).
    Removing stm32f10x_spi.o(i.SPI_CalculateCRC), (24 bytes).
    Removing stm32f10x_spi.o(i.SPI_Cmd), (24 bytes).
    Removing stm32f10x_spi.o(i.SPI_DataSizeConfig), (18 bytes).
    Removing stm32f10x_spi.o(i.SPI_GetCRC), (16 bytes).
    Removing stm32f10x_spi.o(i.SPI_GetCRCPolynomial), (6 bytes).
    Removing stm32f10x_spi.o(i.SPI_I2S_ClearFlag), (6 bytes).
    Removing stm32f10x_spi.o(i.SPI_I2S_ClearITPendingBit), (20 bytes).
    Removing stm32f10x_spi.o(i.SPI_I2S_DMACmd), (18 bytes).
    Removing stm32f10x_spi.o(i.SPI_I2S_DeInit), (88 bytes).
    Removing stm32f10x_spi.o(i.SPI_I2S_GetFlagStatus), (18 bytes).
    Removing stm32f10x_spi.o(i.SPI_I2S_GetITStatus), (52 bytes).
    Removing stm32f10x_spi.o(i.SPI_I2S_ITConfig), (32 bytes).
    Removing stm32f10x_spi.o(i.SPI_I2S_ReceiveData), (6 bytes).
    Removing stm32f10x_spi.o(i.SPI_I2S_SendData), (4 bytes).
    Removing stm32f10x_spi.o(i.SPI_Init), (60 bytes).
    Removing stm32f10x_spi.o(i.SPI_NSSInternalSoftwareConfig), (30 bytes).
    Removing stm32f10x_spi.o(i.SPI_SSOutputCmd), (24 bytes).
    Removing stm32f10x_spi.o(i.SPI_StructInit), (24 bytes).
    Removing stm32f10x_spi.o(i.SPI_TransmitCRC), (10 bytes).
    Removing stm32f10x_tim.o(i.TI1_Config), (128 bytes).
    Removing stm32f10x_tim.o(i.TI2_Config), (152 bytes).
    Removing stm32f10x_tim.o(i.TI3_Config), (144 bytes).
    Removing stm32f10x_tim.o(i.TI4_Config), (152 bytes).
    Removing stm32f10x_tim.o(i.TIM_ARRPreloadConfig), (24 bytes).
    Removing stm32f10x_tim.o(i.TIM_BDTRConfig), (32 bytes).
    Removing stm32f10x_tim.o(i.TIM_BDTRStructInit), (18 bytes).
    Removing stm32f10x_tim.o(i.TIM_CCPreloadControl), (24 bytes).
    Removing stm32f10x_tim.o(i.TIM_CCxCmd), (30 bytes).
    Removing stm32f10x_tim.o(i.TIM_CCxNCmd), (30 bytes).
    Removing stm32f10x_tim.o(i.TIM_ClearITPendingBit), (6 bytes).
    Removing stm32f10x_tim.o(i.TIM_ClearOC1Ref), (18 bytes).
    Removing stm32f10x_tim.o(i.TIM_ClearOC2Ref), (24 bytes).
    Removing stm32f10x_tim.o(i.TIM_ClearOC3Ref), (18 bytes).
    Removing stm32f10x_tim.o(i.TIM_ClearOC4Ref), (24 bytes).
    Removing stm32f10x_tim.o(i.TIM_CounterModeConfig), (18 bytes).
    Removing stm32f10x_tim.o(i.TIM_CtrlPWMOutputs), (30 bytes).
    Removing stm32f10x_tim.o(i.TIM_DMACmd), (18 bytes).
    Removing stm32f10x_tim.o(i.TIM_DMAConfig), (10 bytes).
    Removing stm32f10x_tim.o(i.TIM_ETRClockMode1Config), (54 bytes).
    Removing stm32f10x_tim.o(i.TIM_ETRClockMode2Config), (32 bytes).
    Removing stm32f10x_tim.o(i.TIM_ETRConfig), (28 bytes).
    Removing stm32f10x_tim.o(i.TIM_EncoderInterfaceConfig), (66 bytes).
    Removing stm32f10x_tim.o(i.TIM_ForcedOC1Config), (18 bytes).
    Removing stm32f10x_tim.o(i.TIM_ForcedOC2Config), (26 bytes).
    Removing stm32f10x_tim.o(i.TIM_ForcedOC3Config), (18 bytes).
    Removing stm32f10x_tim.o(i.TIM_ForcedOC4Config), (26 bytes).
    Removing stm32f10x_tim.o(i.TIM_GenerateEvent), (4 bytes).
    Removing stm32f10x_tim.o(i.TIM_GetCapture1), (6 bytes).
    Removing stm32f10x_tim.o(i.TIM_GetCapture2), (6 bytes).
    Removing stm32f10x_tim.o(i.TIM_GetCapture3), (6 bytes).
    Removing stm32f10x_tim.o(i.TIM_GetCapture4), (8 bytes).
    Removing stm32f10x_tim.o(i.TIM_GetCounter), (6 bytes).
    Removing stm32f10x_tim.o(i.TIM_GetITStatus), (34 bytes).
    Removing stm32f10x_tim.o(i.TIM_GetPrescaler), (6 bytes).
    Removing stm32f10x_tim.o(i.TIM_ICInit), (172 bytes).
    Removing stm32f10x_tim.o(i.TIM_ICStructInit), (18 bytes).
    Removing stm32f10x_tim.o(i.TIM_ITRxExternalClockConfig), (24 bytes).
    Removing stm32f10x_tim.o(i.TIM_InternalClockConfig), (12 bytes).
    Removing stm32f10x_tim.o(i.TIM_OC1FastConfig), (18 bytes).
    Removing stm32f10x_tim.o(i.TIM_OC1Init), (152 bytes).
    Removing stm32f10x_tim.o(i.TIM_OC1NPolarityConfig), (18 bytes).
    Removing stm32f10x_tim.o(i.TIM_OC1PolarityConfig), (18 bytes).
    Removing stm32f10x_tim.o(i.TIM_OC1PreloadConfig), (18 bytes).
    Removing stm32f10x_tim.o(i.TIM_OC2FastConfig), (26 bytes).
    Removing stm32f10x_tim.o(i.TIM_OC2Init), (164 bytes).
    Removing stm32f10x_tim.o(i.TIM_OC2NPolarityConfig), (26 bytes).
    Removing stm32f10x_tim.o(i.TIM_OC2PolarityConfig), (26 bytes).
    Removing stm32f10x_tim.o(i.TIM_OC2PreloadConfig), (26 bytes).
    Removing stm32f10x_tim.o(i.TIM_OC3FastConfig), (18 bytes).
    Removing stm32f10x_tim.o(i.TIM_OC3Init), (160 bytes).
    Removing stm32f10x_tim.o(i.TIM_OC3NPolarityConfig), (26 bytes).
    Removing stm32f10x_tim.o(i.TIM_OC3PolarityConfig), (26 bytes).
    Removing stm32f10x_tim.o(i.TIM_OC3PreloadConfig), (18 bytes).
    Removing stm32f10x_tim.o(i.TIM_OC4FastConfig), (26 bytes).
    Removing stm32f10x_tim.o(i.TIM_OC4Init), (124 bytes).
    Removing stm32f10x_tim.o(i.TIM_OC4PolarityConfig), (26 bytes).
    Removing stm32f10x_tim.o(i.TIM_OC4PreloadConfig), (26 bytes).
    Removing stm32f10x_tim.o(i.TIM_OCStructInit), (20 bytes).
    Removing stm32f10x_tim.o(i.TIM_PWMIConfig), (124 bytes).
    Removing stm32f10x_tim.o(i.TIM_PrescalerConfig), (6 bytes).
    Removing stm32f10x_tim.o(i.TIM_SelectCCDMA), (24 bytes).
    Removing stm32f10x_tim.o(i.TIM_SelectCOM), (24 bytes).
    Removing stm32f10x_tim.o(i.TIM_SelectHallSensor), (24 bytes).
    Removing stm32f10x_tim.o(i.TIM_SelectInputTrigger), (18 bytes).
    Removing stm32f10x_tim.o(i.TIM_SelectMasterSlaveMode), (18 bytes).
    Removing stm32f10x_tim.o(i.TIM_SelectOCxM), (82 bytes).
    Removing stm32f10x_tim.o(i.TIM_SelectOnePulseMode), (18 bytes).
    Removing stm32f10x_tim.o(i.TIM_SelectOutputTrigger), (18 bytes).
    Removing stm32f10x_tim.o(i.TIM_SelectSlaveMode), (18 bytes).
    Removing stm32f10x_tim.o(i.TIM_SetAutoreload), (4 bytes).
    Removing stm32f10x_tim.o(i.TIM_SetClockDivision), (18 bytes).
    Removing stm32f10x_tim.o(i.TIM_SetCompare1), (4 bytes).
    Removing stm32f10x_tim.o(i.TIM_SetCompare2), (4 bytes).
    Removing stm32f10x_tim.o(i.TIM_SetCompare3), (4 bytes).
    Removing stm32f10x_tim.o(i.TIM_SetCompare4), (6 bytes).
    Removing stm32f10x_tim.o(i.TIM_SetCounter), (4 bytes).
    Removing stm32f10x_tim.o(i.TIM_SetIC1Prescaler), (18 bytes).
    Removing stm32f10x_tim.o(i.TIM_SetIC2Prescaler), (26 bytes).
    Removing stm32f10x_tim.o(i.TIM_SetIC3Prescaler), (18 bytes).
    Removing stm32f10x_tim.o(i.TIM_SetIC4Prescaler), (26 bytes).
    Removing stm32f10x_tim.o(i.TIM_TIxExternalClockConfig), (62 bytes).
    Removing stm32f10x_tim.o(i.TIM_TimeBaseStructInit), (18 bytes).
    Removing stm32f10x_tim.o(i.TIM_UpdateDisableConfig), (24 bytes).
    Removing stm32f10x_tim.o(i.TIM_UpdateRequestConfig), (24 bytes).
    Removing stm32f10x_usart.o(i.USART_ClearFlag), (18 bytes).
    Removing stm32f10x_usart.o(i.USART_ClearITPendingBit), (30 bytes).
    Removing stm32f10x_usart.o(i.USART_ClockInit), (34 bytes).
    Removing stm32f10x_usart.o(i.USART_ClockStructInit), (12 bytes).
    Removing stm32f10x_usart.o(i.USART_DMACmd), (18 bytes).
    Removing stm32f10x_usart.o(i.USART_DeInit), (156 bytes).
    Removing stm32f10x_usart.o(i.USART_GetITStatus), (84 bytes).
    Removing stm32f10x_usart.o(i.USART_HalfDuplexCmd), (24 bytes).
    Removing stm32f10x_usart.o(i.USART_ITConfig), (74 bytes).
    Removing stm32f10x_usart.o(i.USART_IrDACmd), (24 bytes).
    Removing stm32f10x_usart.o(i.USART_IrDAConfig), (18 bytes).
    Removing stm32f10x_usart.o(i.USART_LINBreakDetectLengthConfig), (18 bytes).
    Removing stm32f10x_usart.o(i.USART_LINCmd), (24 bytes).
    Removing stm32f10x_usart.o(i.USART_OneBitMethodCmd), (24 bytes).
    Removing stm32f10x_usart.o(i.USART_OverSampling8Cmd), (22 bytes).
    Removing stm32f10x_usart.o(i.USART_ReceiveData), (10 bytes).
    Removing stm32f10x_usart.o(i.USART_ReceiverWakeUpCmd), (24 bytes).
    Removing stm32f10x_usart.o(i.USART_SendBreak), (10 bytes).
    Removing stm32f10x_usart.o(i.USART_SetAddress), (18 bytes).
    Removing stm32f10x_usart.o(i.USART_SetGuardTime), (16 bytes).
    Removing stm32f10x_usart.o(i.USART_SetPrescaler), (16 bytes).
    Removing stm32f10x_usart.o(i.USART_SmartCardCmd), (24 bytes).
    Removing stm32f10x_usart.o(i.USART_SmartCardNACKCmd), (24 bytes).
    Removing stm32f10x_usart.o(i.USART_StructInit), (24 bytes).
    Removing stm32f10x_usart.o(i.USART_WakeUpConfig), (18 bytes).
    Removing ffixui.o(.text), (40 bytes).

259 unused section(s) (total 9766 bytes) removed from the image.

==============================================================================

Image Symbol Table

    Local Symbols

    Symbol Name                              Value     Ov Type        Size  Object(Section)

    ../clib/microlib/division.c              0x00000000   Number         0  uidiv.o ABSOLUTE
    ../clib/microlib/division.c              0x00000000   Number         0  uldiv.o ABSOLUTE
    ../clib/microlib/init/entry.s            0x00000000   Number         0  entry.o ABSOLUTE
    ../clib/microlib/init/entry.s            0x00000000   Number         0  entry2.o ABSOLUTE
    ../clib/microlib/init/entry.s            0x00000000   Number         0  entry10b.o ABSOLUTE
    ../clib/microlib/init/entry.s            0x00000000   Number         0  entry7a.o ABSOLUTE
    ../clib/microlib/init/entry.s            0x00000000   Number         0  entry5.o ABSOLUTE
    ../clib/microlib/init/entry.s            0x00000000   Number         0  entry11b.o ABSOLUTE
    ../clib/microlib/init/entry.s            0x00000000   Number         0  entry11a.o ABSOLUTE
    ../clib/microlib/init/entry.s            0x00000000   Number         0  entry10a.o ABSOLUTE
    ../clib/microlib/init/entry.s            0x00000000   Number         0  entry9b.o ABSOLUTE
    ../clib/microlib/init/entry.s            0x00000000   Number         0  entry9a.o ABSOLUTE
    ../clib/microlib/init/entry.s            0x00000000   Number         0  entry8b.o ABSOLUTE
    ../clib/microlib/init/entry.s            0x00000000   Number         0  entry8a.o ABSOLUTE
    ../clib/microlib/init/entry.s            0x00000000   Number         0  entry7b.o ABSOLUTE
    ../clib/microlib/longlong.c              0x00000000   Number         0  llshl.o ABSOLUTE
    ../clib/microlib/longlong.c              0x00000000   Number         0  llushr.o ABSOLUTE
    ../clib/microlib/longlong.c              0x00000000   Number         0  llsshr.o ABSOLUTE
    ../clib/microlib/printf/printf.c         0x00000000   Number         0  printf0.o ABSOLUTE
    ../clib/microlib/printf/printf.c         0x00000000   Number         0  printfb.o ABSOLUTE
    ../clib/microlib/printf/printf.c         0x00000000   Number         0  printf1.o ABSOLUTE
    ../clib/microlib/printf/printf.c         0x00000000   Number         0  printf2.o ABSOLUTE
    ../clib/microlib/printf/printf.c         0x00000000   Number         0  printf3.o ABSOLUTE
    ../clib/microlib/printf/printf.c         0x00000000   Number         0  printf4.o ABSOLUTE
    ../clib/microlib/printf/printf.c         0x00000000   Number         0  printf6.o ABSOLUTE
    ../clib/microlib/printf/printf.c         0x00000000   Number         0  printf7.o ABSOLUTE
    ../clib/microlib/printf/printf.c         0x00000000   Number         0  printf8.o ABSOLUTE
    ../clib/microlib/printf/printf.c         0x00000000   Number         0  printfa.o ABSOLUTE
    ../clib/microlib/printf/printf.c         0x00000000   Number         0  printf5.o ABSOLUTE
    ../clib/microlib/printf/stubs.s          0x00000000   Number         0  stubs.o ABSOLUTE
    ../clib/microlib/stdio/streams.c         0x00000000   Number         0  stdout.o ABSOLUTE
    ../clib/microlib/string/memcmp.c         0x00000000   Number         0  memcmp.o ABSOLUTE
    ../clib/microlib/string/memcpy.c         0x00000000   Number         0  memcpya.o ABSOLUTE
    ../clib/microlib/string/memcpy.c         0x00000000   Number         0  memcpyb.o ABSOLUTE
    ../clib/microlib/string/memset.c         0x00000000   Number         0  memseta.o ABSOLUTE
    ../clib/microlib/stubs.s                 0x00000000   Number         0  iusefp.o ABSOLUTE
    ../fplib/microlib/d2f.c                  0x00000000   Number         0  d2f.o ABSOLUTE
    ../fplib/microlib/f2d.c                  0x00000000   Number         0  f2d.o ABSOLUTE
    ../fplib/microlib/fpadd.c                0x00000000   Number         0  fadd.o ABSOLUTE
    ../fplib/microlib/fpadd.c                0x00000000   Number         0  dadd.o ABSOLUTE
    ../fplib/microlib/fpdiv.c                0x00000000   Number         0  fdiv.o ABSOLUTE
    ../fplib/microlib/fpdiv.c                0x00000000   Number         0  ddiv.o ABSOLUTE
    ../fplib/microlib/fpepilogue.c           0x00000000   Number         0  fepilogue.o ABSOLUTE
    ../fplib/microlib/fpepilogue.c           0x00000000   Number         0  depilogue.o ABSOLUTE
    ../fplib/microlib/fpfix.c                0x00000000   Number         0  ffixui.o ABSOLUTE
    ../fplib/microlib/fpfix.c                0x00000000   Number         0  dfixul.o ABSOLUTE
    ../fplib/microlib/fpflt.c                0x00000000   Number         0  ffltui.o ABSOLUTE
    ../fplib/microlib/fpmul.c                0x00000000   Number         0  fmul.o ABSOLUTE
    ../fplib/microlib/fpmul.c                0x00000000   Number         0  dmul.o ABSOLUTE
    ..\CMSIS\core_cm3.c                      0x00000000   Number         0  core_cm3.o ABSOLUTE
    ..\CMSIS\startup_stm32f10x_md.s          0x00000000   Number         0  startup_stm32f10x_md.o ABSOLUTE
    ..\Libraries\src\misc.c                  0x00000000   Number         0  misc.o ABSOLUTE
    ..\Libraries\src\stm32f10x_adc.c         0x00000000   Number         0  stm32f10x_adc.o ABSOLUTE
    ..\Libraries\src\stm32f10x_dbgmcu.c      0x00000000   Number         0  stm32f10x_dbgmcu.o ABSOLUTE
    ..\Libraries\src\stm32f10x_dma.c         0x00000000   Number         0  stm32f10x_dma.o ABSOLUTE
    ..\Libraries\src\stm32f10x_exti.c        0x00000000   Number         0  stm32f10x_exti.o ABSOLUTE
    ..\Libraries\src\stm32f10x_flash.c       0x00000000   Number         0  stm32f10x_flash.o ABSOLUTE
    ..\Libraries\src\stm32f10x_gpio.c        0x00000000   Number         0  stm32f10x_gpio.o ABSOLUTE
    ..\Libraries\src\stm32f10x_rcc.c         0x00000000   Number         0  stm32f10x_rcc.o ABSOLUTE
    ..\Libraries\src\stm32f10x_spi.c         0x00000000   Number         0  stm32f10x_spi.o ABSOLUTE
    ..\Libraries\src\stm32f10x_tim.c         0x00000000   Number         0  stm32f10x_tim.o ABSOLUTE
    ..\Libraries\src\stm32f10x_usart.c       0x00000000   Number         0  stm32f10x_usart.o ABSOLUTE
    ..\USER\APP\app_task.c                   0x00000000   Number         0  app_task.o ABSOLUTE
    ..\USER\Delay.c                          0x00000000   Number         0  delay.o ABSOLUTE
    ..\USER\Global.c                         0x00000000   Number         0  global.o ABSOLUTE
    ..\USER\HAL\hal_electric.c               0x00000000   Number         0  hal_electric.o ABSOLUTE
    ..\USER\HAL\hal_keyboard.c               0x00000000   Number         0  hal_keyboard.o ABSOLUTE
    ..\USER\HAL\hal_led.c                    0x00000000   Number         0  hal_led.o ABSOLUTE
    ..\USER\HAL\hal_nvmem.c                  0x00000000   Number         0  hal_nvmem.o ABSOLUTE
    ..\USER\HAL\hal_switch.c                 0x00000000   Number         0  hal_switch.o ABSOLUTE
    ..\USER\HAL\hal_timer.c                  0x00000000   Number         0  hal_timer.o ABSOLUTE
    ..\USER\HAL\hal_uart.c                   0x00000000   Number         0  hal_uart.o ABSOLUTE
    ..\USER\MID\mid_electric.c               0x00000000   Number         0  mid_electric.o ABSOLUTE
    ..\USER\MID\mid_keyboard.c               0x00000000   Number         0  mid_keyboard.o ABSOLUTE
    ..\USER\MID\mid_nvmem.c                  0x00000000   Number         0  mid_nvmem.o ABSOLUTE
    ..\USER\PUB_LIB.c                        0x00000000   Number         0  pub_lib.o ABSOLUTE
    ..\USER\main.c                           0x00000000   Number         0  main.o ABSOLUTE
    ..\USER\stm32f10x_it.c                   0x00000000   Number         0  stm32f10x_it.o ABSOLUTE
    ..\USER\system_stm32f10x.c               0x00000000   Number         0  system_stm32f10x.o ABSOLUTE
    ..\\CMSIS\\core_cm3.c                    0x00000000   Number         0  core_cm3.o ABSOLUTE
    cdrcmple.s                               0x00000000   Number         0  cdrcmple.o ABSOLUTE
    dc.s                                     0x00000000   Number         0  dc.o ABSOLUTE
    handlers.s                               0x00000000   Number         0  handlers.o ABSOLUTE
    init.s                                   0x00000000   Number         0  init.o ABSOLUTE
    RESET                                    0x08000000   Section      236  startup_stm32f10x_md.o(RESET)
    .ARM.Collect$$$$00000000                 0x080000ec   Section        0  entry.o(.ARM.Collect$$$$00000000)
    .ARM.Collect$$$$00000001                 0x080000ec   Section        4  entry2.o(.ARM.Collect$$$$00000001)
    .ARM.Collect$$$$00000004                 0x080000f0   Section        4  entry5.o(.ARM.Collect$$$$00000004)
    .ARM.Collect$$$$00000008                 0x080000f4   Section        0  entry7b.o(.ARM.Collect$$$$00000008)
    .ARM.Collect$$$$0000000A                 0x080000f4   Section        0  entry8b.o(.ARM.Collect$$$$0000000A)
    .ARM.Collect$$$$0000000B                 0x080000f4   Section        8  entry9a.o(.ARM.Collect$$$$0000000B)
    .ARM.Collect$$$$0000000D                 0x080000fc   Section        0  entry10a.o(.ARM.Collect$$$$0000000D)
    .ARM.Collect$$$$0000000F                 0x080000fc   Section        0  entry11a.o(.ARM.Collect$$$$0000000F)
    .ARM.Collect$$$$00002712                 0x080000fc   Section        4  entry2.o(.ARM.Collect$$$$00002712)
    __lit__00000000                          0x080000fc   Data           4  entry2.o(.ARM.Collect$$$$00002712)
    .text                                    0x08000100   Section       36  startup_stm32f10x_md.o(.text)
    .text                                    0x08000124   Section        0  memseta.o(.text)
    .text                                    0x08000148   Section        0  fadd.o(.text)
    .text                                    0x080001f8   Section        0  fmul.o(.text)
    .text                                    0x0800025c   Section        0  fdiv.o(.text)
    .text                                    0x080002d8   Section        0  dmul.o(.text)
    .text                                    0x080003bc   Section        0  ddiv.o(.text)
    .text                                    0x0800049a   Section        0  ffltui.o(.text)
    .text                                    0x080004a4   Section        0  f2d.o(.text)
    .text                                    0x080004ca   Section        0  d2f.o(.text)
    .text                                    0x08000502   Section        0  uidiv.o(.text)
    .text                                    0x0800052e   Section        0  uldiv.o(.text)
    .text                                    0x08000590   Section        0  fepilogue.o(.text)
    .text                                    0x08000590   Section        0  iusefp.o(.text)
    .text                                    0x080005fe   Section        0  depilogue.o(.text)
    .text                                    0x080006b8   Section        0  dadd.o(.text)
    .text                                    0x08000806   Section        0  dfixul.o(.text)
    .text                                    0x08000838   Section       48  cdrcmple.o(.text)
    .text                                    0x08000868   Section       36  init.o(.text)
    .text                                    0x0800088c   Section        0  llshl.o(.text)
    .text                                    0x080008aa   Section        0  llushr.o(.text)
    .text                                    0x080008ca   Section        0  llsshr.o(.text)
    i.ADC_Cmd                                0x080008ee   Section        0  stm32f10x_adc.o(i.ADC_Cmd)
    i.ADC_DMACmd                             0x08000904   Section        0  stm32f10x_adc.o(i.ADC_DMACmd)
    i.ADC_GetCalibrationStatus               0x0800091a   Section        0  stm32f10x_adc.o(i.ADC_GetCalibrationStatus)
    i.ADC_GetResetCalibrationStatus          0x0800092e   Section        0  stm32f10x_adc.o(i.ADC_GetResetCalibrationStatus)
    i.ADC_Init                               0x08000944   Section        0  stm32f10x_adc.o(i.ADC_Init)
    i.ADC_RegularChannelConfig               0x08000994   Section        0  stm32f10x_adc.o(i.ADC_RegularChannelConfig)
    i.ADC_ResetCalibration                   0x08000a4c   Section        0  stm32f10x_adc.o(i.ADC_ResetCalibration)
    i.ADC_SoftwareStartConvCmd               0x08000a56   Section        0  stm32f10x_adc.o(i.ADC_SoftwareStartConvCmd)
    i.ADC_StartCalibration                   0x08000a6c   Section        0  stm32f10x_adc.o(i.ADC_StartCalibration)
    i.APP_MAIN_Task                          0x08000a78   Section        0  app_task.o(i.APP_MAIN_Task)
    i.BatterySwitch_Config                   0x08000b88   Section        0  hal_switch.o(i.BatterySwitch_Config)
    BatterySwitch_Config                     0x08000b89   Thumb Code    92  hal_switch.o(i.BatterySwitch_Config)
    i.BusFault_Handler                       0x08000bec   Section        0  stm32f10x_it.o(i.BusFault_Handler)
    i.DMA_Cmd                                0x08000bf0   Section        0  stm32f10x_dma.o(i.DMA_Cmd)
    i.DMA_DeInit                             0x08000c08   Section        0  stm32f10x_dma.o(i.DMA_DeInit)
    i.DMA_Init                               0x08000d54   Section        0  stm32f10x_dma.o(i.DMA_Init)
    i.DebugMon_Handler                       0x08000d90   Section        0  stm32f10x_it.o(i.DebugMon_Handler)
    i.Delay_Init                             0x08000d94   Section        0  delay.o(i.Delay_Init)
    i.Delay_Ms                               0x08000dd8   Section        0  delay.o(i.Delay_Ms)
    i.EXTI0_IRQHandler                       0x08000e24   Section        0  hal_keyboard.o(i.EXTI0_IRQHandler)
    i.EXTI2_IRQHandler                       0x08000e58   Section        0  hal_keyboard.o(i.EXTI2_IRQHandler)
    i.EXTI_ClearITPendingBit                 0x08000e7c   Section        0  stm32f10x_exti.o(i.EXTI_ClearITPendingBit)
    i.EXTI_Init                              0x08000e88   Section        0  stm32f10x_exti.o(i.EXTI_Init)
    i.FLASH_ErasePage                        0x08000f1c   Section        0  stm32f10x_flash.o(i.FLASH_ErasePage)
    i.FLASH_GetBank1Status                   0x08000f68   Section        0  stm32f10x_flash.o(i.FLASH_GetBank1Status)
    i.FLASH_ProgramWord                      0x08000f9c   Section        0  stm32f10x_flash.o(i.FLASH_ProgramWord)
    i.FLASH_Unlock                           0x08001008   Section        0  stm32f10x_flash.o(i.FLASH_Unlock)
    i.FLASH_WaitForLastOperation             0x08001020   Section        0  stm32f10x_flash.o(i.FLASH_WaitForLastOperation)
    i.FlashRead                              0x08001046   Section        0  hal_nvmem.o(i.FlashRead)
    i.FlashWrite                             0x0800105e   Section        0  hal_nvmem.o(i.FlashWrite)
    i.GPIO_EXTILineConfig                    0x08001084   Section        0  stm32f10x_gpio.o(i.GPIO_EXTILineConfig)
    i.GPIO_Init                              0x080010c4   Section        0  stm32f10x_gpio.o(i.GPIO_Init)
    i.GPIO_ReadInputDataBit                  0x080011da   Section        0  stm32f10x_gpio.o(i.GPIO_ReadInputDataBit)
    i.GPIO_ResetBits                         0x080011ec   Section        0  stm32f10x_gpio.o(i.GPIO_ResetBits)
    i.GPIO_SetBits                           0x080011f0   Section        0  stm32f10x_gpio.o(i.GPIO_SetBits)
    i.HAL_AllSwitch_Init                     0x080011f4   Section        0  hal_switch.o(i.HAL_AllSwitch_Init)
    i.HAL_ELECTRIC_ADAverageValue            0x08001200   Section        0  hal_electric.o(i.HAL_ELECTRIC_ADAverageValue)
    i.HAL_ELECTRIC_ADC1_GPIO_Config          0x0800122c   Section        0  hal_electric.o(i.HAL_ELECTRIC_ADC1_GPIO_Config)
    HAL_ELECTRIC_ADC1_GPIO_Config            0x0800122d   Thumb Code    56  hal_electric.o(i.HAL_ELECTRIC_ADC1_GPIO_Config)
    i.HAL_ELECTRIC_ADC1_Mode_Config          0x08001268   Section        0  hal_electric.o(i.HAL_ELECTRIC_ADC1_Mode_Config)
    HAL_ELECTRIC_ADC1_Mode_Config            0x08001269   Thumb Code   202  hal_electric.o(i.HAL_ELECTRIC_ADC1_Mode_Config)
    i.HAL_ELECTRIC_Init                      0x08001340   Section        0  hal_electric.o(i.HAL_ELECTRIC_Init)
    i.HAL_KEYBOARD_ISPRESSED                 0x0800134c   Section        0  hal_keyboard.o(i.HAL_KEYBOARD_ISPRESSED)
    i.HAL_KEYBOARD_Init                      0x08001368   Section        0  hal_keyboard.o(i.HAL_KEYBOARD_Init)
    i.HAL_LED_Init                           0x08001378   Section        0  hal_led.o(i.HAL_LED_Init)
    i.HAL_NVMEM_Erase                        0x080013d8   Section        0  hal_nvmem.o(i.HAL_NVMEM_Erase)
    i.HAL_NVMEM_GetCurrentRDAddr             0x080013f4   Section        0  hal_nvmem.o(i.HAL_NVMEM_GetCurrentRDAddr)
    i.HAL_NVMEM_GetCurrentWRAddr             0x0800145c   Section        0  hal_nvmem.o(i.HAL_NVMEM_GetCurrentWRAddr)
    i.HAL_NVMEM_GetRegionSize                0x080014a8   Section        0  hal_nvmem.o(i.HAL_NVMEM_GetRegionSize)
    i.HAL_NVMEM_Read                         0x080014e0   Section        0  hal_nvmem.o(i.HAL_NVMEM_Read)
    i.HAL_NVMEM_VerifyData                   0x08001570   Section        0  hal_nvmem.o(i.HAL_NVMEM_VerifyData)
    i.HAL_NVMEM_Write                        0x080015b8   Section        0  hal_nvmem.o(i.HAL_NVMEM_Write)
    i.HAL_Timer_TIM3Init                     0x0800163c   Section        0  hal_timer.o(i.HAL_Timer_TIM3Init)
    i.HAL_Timer_TIM3Start                    0x08001648   Section        0  hal_timer.o(i.HAL_Timer_TIM3Start)
    i.HAL_Timer_TIM3_Config                  0x0800168c   Section        0  hal_timer.o(i.HAL_Timer_TIM3_Config)
    i.HAL_Timer_TIM3_NVIC_Config             0x080016d8   Section        0  hal_timer.o(i.HAL_Timer_TIM3_NVIC_Config)
    i.HAL_Timer_TIM4Init                     0x08001700   Section        0  hal_timer.o(i.HAL_Timer_TIM4Init)
    i.HAL_Timer_TIM4Start                    0x0800170c   Section        0  hal_timer.o(i.HAL_Timer_TIM4Start)
    i.HAL_Timer_TIM4Stop                     0x08001730   Section        0  hal_timer.o(i.HAL_Timer_TIM4Stop)
    i.HAL_Timer_TIM4_Config                  0x08001754   Section        0  hal_timer.o(i.HAL_Timer_TIM4_Config)
    i.HAL_Timer_TIM4_NVIC_Config             0x080017a0   Section        0  hal_timer.o(i.HAL_Timer_TIM4_NVIC_Config)
    i.HAL_UART_Init                          0x080017c8   Section        0  hal_uart.o(i.HAL_UART_Init)
    i.HardFault_Handler                      0x08001830   Section        0  stm32f10x_it.o(i.HardFault_Handler)
    i.KEYBOARD_EXTICfg                       0x08001834   Section        0  hal_keyboard.o(i.KEYBOARD_EXTICfg)
    KEYBOARD_EXTICfg                         0x08001835   Thumb Code    88  hal_keyboard.o(i.KEYBOARD_EXTICfg)
    i.KEYBOARD_GPIOCfg                       0x0800188c   Section        0  hal_keyboard.o(i.KEYBOARD_GPIOCfg)
    KEYBOARD_GPIOCfg                         0x0800188d   Thumb Code    32  hal_keyboard.o(i.KEYBOARD_GPIOCfg)
    i.KEYBOARD_NVICCfg                       0x080018b0   Section        0  hal_keyboard.o(i.KEYBOARD_NVICCfg)
    KEYBOARD_NVICCfg                         0x080018b1   Thumb Code    70  hal_keyboard.o(i.KEYBOARD_NVICCfg)
    i.LED_TWINKLE                            0x080018f8   Section        0  hal_led.o(i.LED_TWINKLE)
    i.MID_ELECTRIC_ClearVolt2Mem             0x0800194c   Section        0  mid_electric.o(i.MID_ELECTRIC_ClearVolt2Mem)
    i.MID_ELECTRIC_Collect12VAD              0x08001974   Section        0  mid_electric.o(i.MID_ELECTRIC_Collect12VAD)
    i.MID_ELECTRIC_Collect20Voltages         0x08001a70   Section        0  mid_electric.o(i.MID_ELECTRIC_Collect20Voltages)
    i.MID_ELECTRIC_Collect3VAD               0x08001aa8   Section        0  mid_electric.o(i.MID_ELECTRIC_Collect3VAD)
    i.MID_ELECTRIC_QuaryVolt2Mem             0x08001bac   Section        0  mid_electric.o(i.MID_ELECTRIC_QuaryVolt2Mem)
    i.MID_ELECTRIC_SaveVolt2Mem              0x08001c94   Section        0  mid_electric.o(i.MID_ELECTRIC_SaveVolt2Mem)
    i.MID_ELECTRIC_SelfInspection            0x08001d34   Section        0  mid_electric.o(i.MID_ELECTRIC_SelfInspection)
    i.MID_KEYBOARD_Deal                      0x08001f8c   Section        0  mid_keyboard.o(i.MID_KEYBOARD_Deal)
    MID_KEYBOARD_Deal                        0x08001f8d   Thumb Code    28  mid_keyboard.o(i.MID_KEYBOARD_Deal)
    i.MID_KEYBOARD_KeyPressInit              0x08001fb0   Section        0  mid_keyboard.o(i.MID_KEYBOARD_KeyPressInit)
    i.MID_KEYBOARD_KeyState                  0x08001fbc   Section        0  mid_keyboard.o(i.MID_KEYBOARD_KeyState)
    i.MID_KEYBOARD_TASK                      0x08002010   Section        0  mid_keyboard.o(i.MID_KEYBOARD_TASK)
    i.MID_NVMEM_Read                         0x08002018   Section        0  mid_nvmem.o(i.MID_NVMEM_Read)
    i.MID_NVMEM_Write                        0x080020e8   Section        0  mid_nvmem.o(i.MID_NVMEM_Write)
    i.MasterSwitch_Config                    0x080020fc   Section        0  hal_switch.o(i.MasterSwitch_Config)
    MasterSwitch_Config                      0x080020fd   Thumb Code    46  hal_switch.o(i.MasterSwitch_Config)
    i.MemManage_Handler                      0x08002130   Section        0  stm32f10x_it.o(i.MemManage_Handler)
    i.NMI_Handler                            0x08002134   Section        0  stm32f10x_it.o(i.NMI_Handler)
    i.NVIC_Init                              0x08002138   Section        0  misc.o(i.NVIC_Init)
    i.NVIC_PriorityGroupConfig               0x080021a8   Section        0  misc.o(i.NVIC_PriorityGroupConfig)
    i.PUB_LIB_CRC32                          0x080021bc   Section        0  pub_lib.o(i.PUB_LIB_CRC32)
    i.PUB_LIB_QuickSort                      0x080021e8   Section        0  pub_lib.o(i.PUB_LIB_QuickSort)
    i.PendSV_Handler                         0x08002264   Section        0  stm32f10x_it.o(i.PendSV_Handler)
    i.RCC_ADCCLKConfig                       0x08002268   Section        0  stm32f10x_rcc.o(i.RCC_ADCCLKConfig)
    i.RCC_AHBPeriphClockCmd                  0x08002280   Section        0  stm32f10x_rcc.o(i.RCC_AHBPeriphClockCmd)
    i.RCC_APB1PeriphClockCmd                 0x080022a0   Section        0  stm32f10x_rcc.o(i.RCC_APB1PeriphClockCmd)
    i.RCC_APB1PeriphResetCmd                 0x080022c0   Section        0  stm32f10x_rcc.o(i.RCC_APB1PeriphResetCmd)
    i.RCC_APB2PeriphClockCmd                 0x080022e0   Section        0  stm32f10x_rcc.o(i.RCC_APB2PeriphClockCmd)
    i.RCC_APB2PeriphResetCmd                 0x08002300   Section        0  stm32f10x_rcc.o(i.RCC_APB2PeriphResetCmd)
    i.RCC_GetClocksFreq                      0x08002320   Section        0  stm32f10x_rcc.o(i.RCC_GetClocksFreq)
    i.SVC_Handler                            0x080023f4   Section        0  stm32f10x_it.o(i.SVC_Handler)
    i.SetSysClock                            0x080023f6   Section        0  system_stm32f10x.o(i.SetSysClock)
    SetSysClock                              0x080023f7   Thumb Code     8  system_stm32f10x.o(i.SetSysClock)
    i.SetSysClockTo72                        0x08002400   Section        0  system_stm32f10x.o(i.SetSysClockTo72)
    SetSysClockTo72                          0x08002401   Thumb Code   214  system_stm32f10x.o(i.SetSysClockTo72)
    i.SysTick_CLKSourceConfig                0x080024e0   Section        0  misc.o(i.SysTick_CLKSourceConfig)
    i.SysTick_Handler                        0x08002508   Section        0  stm32f10x_it.o(i.SysTick_Handler)
    i.SystemInit                             0x0800250c   Section        0  system_stm32f10x.o(i.SystemInit)
    i.TIM3_IRQHandler                        0x0800256c   Section        0  hal_timer.o(i.TIM3_IRQHandler)
    i.TIM4_IRQHandler                        0x080025f4   Section        0  hal_timer.o(i.TIM4_IRQHandler)
    i.TIM_ClearFlag                          0x08002634   Section        0  stm32f10x_tim.o(i.TIM_ClearFlag)
    i.TIM_Cmd                                0x0800263a   Section        0  stm32f10x_tim.o(i.TIM_Cmd)
    i.TIM_DeInit                             0x08002654   Section        0  stm32f10x_tim.o(i.TIM_DeInit)
    i.TIM_GetFlagStatus                      0x0800283c   Section        0  stm32f10x_tim.o(i.TIM_GetFlagStatus)
    i.TIM_ITConfig                           0x0800284e   Section        0  stm32f10x_tim.o(i.TIM_ITConfig)
    i.TIM_TimeBaseInit                       0x08002860   Section        0  stm32f10x_tim.o(i.TIM_TimeBaseInit)
    i.USART_Cmd                              0x08002904   Section        0  stm32f10x_usart.o(i.USART_Cmd)
    i.USART_GetFlagStatus                    0x0800291c   Section        0  stm32f10x_usart.o(i.USART_GetFlagStatus)
    i.USART_Init                             0x08002938   Section        0  stm32f10x_usart.o(i.USART_Init)
    i.USART_SendData                         0x08002a10   Section        0  stm32f10x_usart.o(i.USART_SendData)
    i.UsageFault_Handler                     0x08002a18   Section        0  stm32f10x_it.o(i.UsageFault_Handler)
    i.__0printf                              0x08002a1c   Section        0  printfa.o(i.__0printf)
    i.__scatterload_copy                     0x08002a3c   Section       14  handlers.o(i.__scatterload_copy)
    i.__scatterload_null                     0x08002a4a   Section        2  handlers.o(i.__scatterload_null)
    i.__scatterload_zeroinit                 0x08002a4c   Section       14  handlers.o(i.__scatterload_zeroinit)
    i._fp_digits                             0x08002a5c   Section        0  printfa.o(i._fp_digits)
    _fp_digits                               0x08002a5d   Thumb Code   366  printfa.o(i._fp_digits)
    i._printf_core                           0x08002be0   Section        0  printfa.o(i._printf_core)
    _printf_core                             0x08002be1   Thumb Code  1744  printfa.o(i._printf_core)
    i._printf_post_padding                   0x080032bc   Section        0  printfa.o(i._printf_post_padding)
    _printf_post_padding                     0x080032bd   Thumb Code    36  printfa.o(i._printf_post_padding)
    i._printf_pre_padding                    0x080032e0   Section        0  printfa.o(i._printf_pre_padding)
    _printf_pre_padding                      0x080032e1   Thumb Code    46  printfa.o(i._printf_pre_padding)
    i.fputc                                  0x08003310   Section        0  hal_uart.o(i.fputc)
    i.main                                   0x08003334   Section        0  main.o(i.main)
    .constdata                               0x08003398   Section     1024  pub_lib.o(.constdata)
    crc32tab                                 0x08003398   Data        1024  pub_lib.o(.constdata)
    .data                                    0x20000000   Section        4  delay.o(.data)
    fac_us                                   0x20000000   Data           1  delay.o(.data)
    fac_ms                                   0x20000002   Data           2  delay.o(.data)
    .data                                    0x20000004   Section       20  system_stm32f10x.o(.data)
    .data                                    0x20000018   Section       14  global.o(.data)
    .data                                    0x20000028   Section       21  hal_timer.o(.data)
    .data                                    0x20000040   Section        8  mid_electric.o(.data)
    .data                                    0x20000048   Section        1  mid_keyboard.o(.data)
    .data                                    0x20000049   Section       20  stm32f10x_rcc.o(.data)
    APBAHBPrescTable                         0x20000049   Data          16  stm32f10x_rcc.o(.data)
    ADCPrescTable                            0x20000059   Data           4  stm32f10x_rcc.o(.data)
    .data                                    0x20000060   Section        4  stdout.o(.data)
    .bss                                     0x20000064   Section       20  hal_electric.o(.bss)
    STACK                                    0x20000078   Section     1024  startup_stm32f10x_md.o(STACK)

    Global Symbols

    Symbol Name                              Value     Ov Type        Size  Object(Section)

    BuildAttributes$$THM_ISAv4$P$D$K$B$S$PE$A:L22UL41UL21$X:L11$S22US41US21$IEEE1$IW$USESV6$~STKCKD$USESV7$~SHL$OTIME$ROPI$EBA8$MICROLIB$REQ8$PRES8$EABIv2 0x00000000   Number         0  anon$$obj.o ABSOLUTE
    __ARM_use_no_argv                        0x00000000   Number         0  main.o ABSOLUTE
    _printf_a                                0x00000000   Number         0  stubs.o ABSOLUTE
    _printf_c                                0x00000000   Number         0  stubs.o ABSOLUTE
    _printf_charcount                        0x00000000   Number         0  stubs.o ABSOLUTE
    _printf_d                                0x00000000   Number         0  stubs.o ABSOLUTE
    _printf_e                                0x00000000   Number         0  stubs.o ABSOLUTE
    _printf_f                                0x00000000   Number         0  stubs.o ABSOLUTE
    _printf_flags                            0x00000000   Number         0  stubs.o ABSOLUTE
    _printf_fp_dec                           0x00000000   Number         0  stubs.o ABSOLUTE
    _printf_fp_hex                           0x00000000   Number         0  stubs.o ABSOLUTE
    _printf_g                                0x00000000   Number         0  stubs.o ABSOLUTE
    _printf_i                                0x00000000   Number         0  stubs.o ABSOLUTE
    _printf_int_dec                          0x00000000   Number         0  stubs.o ABSOLUTE
    _printf_l                                0x00000000   Number         0  stubs.o ABSOLUTE
    _printf_lc                               0x00000000   Number         0  stubs.o ABSOLUTE
    _printf_ll                               0x00000000   Number         0  stubs.o ABSOLUTE
    _printf_lld                              0x00000000   Number         0  stubs.o ABSOLUTE
    _printf_lli                              0x00000000   Number         0  stubs.o ABSOLUTE
    _printf_llo                              0x00000000   Number         0  stubs.o ABSOLUTE
    _printf_llu                              0x00000000   Number         0  stubs.o ABSOLUTE
    _printf_llx                              0x00000000   Number         0  stubs.o ABSOLUTE
    _printf_longlong_dec                     0x00000000   Number         0  stubs.o ABSOLUTE
    _printf_longlong_hex                     0x00000000   Number         0  stubs.o ABSOLUTE
    _printf_longlong_oct                     0x00000000   Number         0  stubs.o ABSOLUTE
    _printf_ls                               0x00000000   Number         0  stubs.o ABSOLUTE
    _printf_mbtowc                           0x00000000   Number         0  stubs.o ABSOLUTE
    _printf_n                                0x00000000   Number         0  stubs.o ABSOLUTE
    _printf_o                                0x00000000   Number         0  stubs.o ABSOLUTE
    _printf_p                                0x00000000   Number         0  stubs.o ABSOLUTE
    _printf_percent                          0x00000000   Number         0  stubs.o ABSOLUTE
    _printf_pre_padding                      0x00000000   Number         0  stubs.o ABSOLUTE
    _printf_return_value                     0x00000000   Number         0  stubs.o ABSOLUTE
    _printf_s                                0x00000000   Number         0  stubs.o ABSOLUTE
    _printf_sizespec                         0x00000000   Number         0  stubs.o ABSOLUTE
    _printf_str                              0x00000000   Number         0  stubs.o ABSOLUTE
    _printf_truncate_signed                  0x00000000   Number         0  stubs.o ABSOLUTE
    _printf_truncate_unsigned                0x00000000   Number         0  stubs.o ABSOLUTE
    _printf_u                                0x00000000   Number         0  stubs.o ABSOLUTE
    _printf_wc                               0x00000000   Number         0  stubs.o ABSOLUTE
    _printf_wctomb                           0x00000000   Number         0  stubs.o ABSOLUTE
    _printf_widthprec                        0x00000000   Number         0  stubs.o ABSOLUTE
    _printf_x                                0x00000000   Number         0  stubs.o ABSOLUTE
    __cpp_initialize__aeabi_                  - Undefined Weak Reference
    __cxa_finalize                            - Undefined Weak Reference
    __decompress                              - Undefined Weak Reference
    _clock_init                               - Undefined Weak Reference
    _microlib_exit                            - Undefined Weak Reference
    __Vectors_Size                           0x000000ec   Number         0  startup_stm32f10x_md.o ABSOLUTE
    __Vectors                                0x08000000   Data           4  startup_stm32f10x_md.o(RESET)
    __Vectors_End                            0x080000ec   Data           0  startup_stm32f10x_md.o(RESET)
    __main                                   0x080000ed   Thumb Code     0  entry.o(.ARM.Collect$$$$00000000)
    _main_stk                                0x080000ed   Thumb Code     0  entry2.o(.ARM.Collect$$$$00000001)
    _main_scatterload                        0x080000f1   Thumb Code     0  entry5.o(.ARM.Collect$$$$00000004)
    __main_after_scatterload                 0x080000f5   Thumb Code     0  entry5.o(.ARM.Collect$$$$00000004)
    _main_clock                              0x080000f5   Thumb Code     0  entry7b.o(.ARM.Collect$$$$00000008)
    _main_cpp_init                           0x080000f5   Thumb Code     0  entry8b.o(.ARM.Collect$$$$0000000A)
    _main_init                               0x080000f5   Thumb Code     0  entry9a.o(.ARM.Collect$$$$0000000B)
    __rt_final_cpp                           0x080000fd   Thumb Code     0  entry10a.o(.ARM.Collect$$$$0000000D)
    __rt_final_exit                          0x080000fd   Thumb Code     0  entry11a.o(.ARM.Collect$$$$0000000F)
    Reset_Handler                            0x08000101   Thumb Code     8  startup_stm32f10x_md.o(.text)
    ADC1_2_IRQHandler                        0x0800011b   Thumb Code     0  startup_stm32f10x_md.o(.text)
    CAN1_RX1_IRQHandler                      0x0800011b   Thumb Code     0  startup_stm32f10x_md.o(.text)
    CAN1_SCE_IRQHandler                      0x0800011b   Thumb Code     0  startup_stm32f10x_md.o(.text)
    DMA1_Channel1_IRQHandler                 0x0800011b   Thumb Code     0  startup_stm32f10x_md.o(.text)
    DMA1_Channel2_IRQHandler                 0x0800011b   Thumb Code     0  startup_stm32f10x_md.o(.text)
    DMA1_Channel3_IRQHandler                 0x0800011b   Thumb Code     0  startup_stm32f10x_md.o(.text)
    DMA1_Channel4_IRQHandler                 0x0800011b   Thumb Code     0  startup_stm32f10x_md.o(.text)
    DMA1_Channel5_IRQHandler                 0x0800011b   Thumb Code     0  startup_stm32f10x_md.o(.text)
    DMA1_Channel6_IRQHandler                 0x0800011b   Thumb Code     0  startup_stm32f10x_md.o(.text)
    DMA1_Channel7_IRQHandler                 0x0800011b   Thumb Code     0  startup_stm32f10x_md.o(.text)
    EXTI15_10_IRQHandler                     0x0800011b   Thumb Code     0  startup_stm32f10x_md.o(.text)
    EXTI1_IRQHandler                         0x0800011b   Thumb Code     0  startup_stm32f10x_md.o(.text)
    EXTI3_IRQHandler                         0x0800011b   Thumb Code     0  startup_stm32f10x_md.o(.text)
    EXTI4_IRQHandler                         0x0800011b   Thumb Code     0  startup_stm32f10x_md.o(.text)
    EXTI9_5_IRQHandler                       0x0800011b   Thumb Code     0  startup_stm32f10x_md.o(.text)
    FLASH_IRQHandler                         0x0800011b   Thumb Code     0  startup_stm32f10x_md.o(.text)
    I2C1_ER_IRQHandler                       0x0800011b   Thumb Code     0  startup_stm32f10x_md.o(.text)
    I2C1_EV_IRQHandler                       0x0800011b   Thumb Code     0  startup_stm32f10x_md.o(.text)
    I2C2_ER_IRQHandler                       0x0800011b   Thumb Code     0  startup_stm32f10x_md.o(.text)
    I2C2_EV_IRQHandler                       0x0800011b   Thumb Code     0  startup_stm32f10x_md.o(.text)
    PVD_IRQHandler                           0x0800011b   Thumb Code     0  startup_stm32f10x_md.o(.text)
    RCC_IRQHandler                           0x0800011b   Thumb Code     0  startup_stm32f10x_md.o(.text)
    RTCAlarm_IRQHandler                      0x0800011b   Thumb Code     0  startup_stm32f10x_md.o(.text)
    RTC_IRQHandler                           0x0800011b   Thumb Code     0  startup_stm32f10x_md.o(.text)
    SPI1_IRQHandler                          0x0800011b   Thumb Code     0  startup_stm32f10x_md.o(.text)
    SPI2_IRQHandler                          0x0800011b   Thumb Code     0  startup_stm32f10x_md.o(.text)
    TAMPER_IRQHandler                        0x0800011b   Thumb Code     0  startup_stm32f10x_md.o(.text)
    TIM1_BRK_IRQHandler                      0x0800011b   Thumb Code     0  startup_stm32f10x_md.o(.text)
    TIM1_CC_IRQHandler                       0x0800011b   Thumb Code     0  startup_stm32f10x_md.o(.text)
    TIM1_TRG_COM_IRQHandler                  0x0800011b   Thumb Code     0  startup_stm32f10x_md.o(.text)
    TIM1_UP_IRQHandler                       0x0800011b   Thumb Code     0  startup_stm32f10x_md.o(.text)
    TIM2_IRQHandler                          0x0800011b   Thumb Code     0  startup_stm32f10x_md.o(.text)
    USART1_IRQHandler                        0x0800011b   Thumb Code     0  startup_stm32f10x_md.o(.text)
    USART2_IRQHandler                        0x0800011b   Thumb Code     0  startup_stm32f10x_md.o(.text)
    USART3_IRQHandler                        0x0800011b   Thumb Code     0  startup_stm32f10x_md.o(.text)
    USBWakeUp_IRQHandler                     0x0800011b   Thumb Code     0  startup_stm32f10x_md.o(.text)
    USB_HP_CAN1_TX_IRQHandler                0x0800011b   Thumb Code     0  startup_stm32f10x_md.o(.text)
    USB_LP_CAN1_RX0_IRQHandler               0x0800011b   Thumb Code     0  startup_stm32f10x_md.o(.text)
    WWDG_IRQHandler                          0x0800011b   Thumb Code     0  startup_stm32f10x_md.o(.text)
    __aeabi_memset                           0x08000125   Thumb Code    14  memseta.o(.text)
    __aeabi_memset4                          0x08000125   Thumb Code     0  memseta.o(.text)
    __aeabi_memset8                          0x08000125   Thumb Code     0  memseta.o(.text)
    __aeabi_memclr                           0x08000133   Thumb Code     4  memseta.o(.text)
    __aeabi_memclr4                          0x08000133   Thumb Code     0  memseta.o(.text)
    __aeabi_memclr8                          0x08000133   Thumb Code     0  memseta.o(.text)
    _memset$wrapper                          0x08000137   Thumb Code    18  memseta.o(.text)
    __aeabi_fadd                             0x08000149   Thumb Code   164  fadd.o(.text)
    __aeabi_fsub                             0x080001ed   Thumb Code     6  fadd.o(.text)
    __aeabi_frsub                            0x080001f3   Thumb Code     6  fadd.o(.text)
    __aeabi_fmul                             0x080001f9   Thumb Code   100  fmul.o(.text)
    __aeabi_fdiv                             0x0800025d   Thumb Code   124  fdiv.o(.text)
    __aeabi_dmul                             0x080002d9   Thumb Code   228  dmul.o(.text)
    __aeabi_ddiv                             0x080003bd   Thumb Code   222  ddiv.o(.text)
    __aeabi_ui2f                             0x0800049b   Thumb Code    10  ffltui.o(.text)
    __aeabi_f2d                              0x080004a5   Thumb Code    38  f2d.o(.text)
    __aeabi_d2f                              0x080004cb   Thumb Code    56  d2f.o(.text)
    __aeabi_uidiv                            0x08000503   Thumb Code     0  uidiv.o(.text)
    __aeabi_uidivmod                         0x08000503   Thumb Code    44  uidiv.o(.text)
    __aeabi_uldivmod                         0x0800052f   Thumb Code    98  uldiv.o(.text)
    __I$use$fp                               0x08000591   Thumb Code     0  iusefp.o(.text)
    _float_round                             0x08000591   Thumb Code    18  fepilogue.o(.text)
    _float_epilogue                          0x080005a3   Thumb Code    92  fepilogue.o(.text)
    _double_round                            0x080005ff   Thumb Code    30  depilogue.o(.text)
    _double_epilogue                         0x0800061d   Thumb Code   156  depilogue.o(.text)
    __aeabi_dadd                             0x080006b9   Thumb Code   322  dadd.o(.text)
    __aeabi_dsub                             0x080007fb   Thumb Code     6  dadd.o(.text)
    __aeabi_drsub                            0x08000801   Thumb Code     6  dadd.o(.text)
    __aeabi_d2ulz                            0x08000807   Thumb Code    48  dfixul.o(.text)
    __aeabi_cdrcmple                         0x08000839   Thumb Code    48  cdrcmple.o(.text)
    __scatterload                            0x08000869   Thumb Code    28  init.o(.text)
    __scatterload_rt2                        0x08000869   Thumb Code     0  init.o(.text)
    __aeabi_llsl                             0x0800088d   Thumb Code    30  llshl.o(.text)
    _ll_shift_l                              0x0800088d   Thumb Code     0  llshl.o(.text)
    __aeabi_llsr                             0x080008ab   Thumb Code    32  llushr.o(.text)
    _ll_ushift_r                             0x080008ab   Thumb Code     0  llushr.o(.text)
    __aeabi_lasr                             0x080008cb   Thumb Code    36  llsshr.o(.text)
    _ll_sshift_r                             0x080008cb   Thumb Code     0  llsshr.o(.text)
    ADC_Cmd                                  0x080008ef   Thumb Code    22  stm32f10x_adc.o(i.ADC_Cmd)
    ADC_DMACmd                               0x08000905   Thumb Code    22  stm32f10x_adc.o(i.ADC_DMACmd)
    ADC_GetCalibrationStatus                 0x0800091b   Thumb Code    20  stm32f10x_adc.o(i.ADC_GetCalibrationStatus)
    ADC_GetResetCalibrationStatus            0x0800092f   Thumb Code    20  stm32f10x_adc.o(i.ADC_GetResetCalibrationStatus)
    ADC_Init                                 0x08000945   Thumb Code    70  stm32f10x_adc.o(i.ADC_Init)
    ADC_RegularChannelConfig                 0x08000995   Thumb Code   184  stm32f10x_adc.o(i.ADC_RegularChannelConfig)
    ADC_ResetCalibration                     0x08000a4d   Thumb Code    10  stm32f10x_adc.o(i.ADC_ResetCalibration)
    ADC_SoftwareStartConvCmd                 0x08000a57   Thumb Code    22  stm32f10x_adc.o(i.ADC_SoftwareStartConvCmd)
    ADC_StartCalibration                     0x08000a6d   Thumb Code    10  stm32f10x_adc.o(i.ADC_StartCalibration)
    APP_MAIN_Task                            0x08000a79   Thumb Code   126  app_task.o(i.APP_MAIN_Task)
    BusFault_Handler                         0x08000bed   Thumb Code     4  stm32f10x_it.o(i.BusFault_Handler)
    DMA_Cmd                                  0x08000bf1   Thumb Code    24  stm32f10x_dma.o(i.DMA_Cmd)
    DMA_DeInit                               0x08000c09   Thumb Code   324  stm32f10x_dma.o(i.DMA_DeInit)
    DMA_Init                                 0x08000d55   Thumb Code    60  stm32f10x_dma.o(i.DMA_Init)
    DebugMon_Handler                         0x08000d91   Thumb Code     2  stm32f10x_it.o(i.DebugMon_Handler)
    Delay_Init                               0x08000d95   Thumb Code    50  delay.o(i.Delay_Init)
    Delay_Ms                                 0x08000dd9   Thumb Code    72  delay.o(i.Delay_Ms)
    EXTI0_IRQHandler                         0x08000e25   Thumb Code    42  hal_keyboard.o(i.EXTI0_IRQHandler)
    EXTI2_IRQHandler                         0x08000e59   Thumb Code    26  hal_keyboard.o(i.EXTI2_IRQHandler)
    EXTI_ClearITPendingBit                   0x08000e7d   Thumb Code     6  stm32f10x_exti.o(i.EXTI_ClearITPendingBit)
    EXTI_Init                                0x08000e89   Thumb Code   142  stm32f10x_exti.o(i.EXTI_Init)
    FLASH_ErasePage                          0x08000f1d   Thumb Code    72  stm32f10x_flash.o(i.FLASH_ErasePage)
    FLASH_GetBank1Status                     0x08000f69   Thumb Code    48  stm32f10x_flash.o(i.FLASH_GetBank1Status)
    FLASH_ProgramWord                        0x08000f9d   Thumb Code   102  stm32f10x_flash.o(i.FLASH_ProgramWord)
    FLASH_Unlock                             0x08001009   Thumb Code    12  stm32f10x_flash.o(i.FLASH_Unlock)
    FLASH_WaitForLastOperation               0x08001021   Thumb Code    38  stm32f10x_flash.o(i.FLASH_WaitForLastOperation)
    FlashRead                                0x08001047   Thumb Code    24  hal_nvmem.o(i.FlashRead)
    FlashWrite                               0x0800105f   Thumb Code    36  hal_nvmem.o(i.FlashWrite)
    GPIO_EXTILineConfig                      0x08001085   Thumb Code    60  stm32f10x_gpio.o(i.GPIO_EXTILineConfig)
    GPIO_Init                                0x080010c5   Thumb Code   278  stm32f10x_gpio.o(i.GPIO_Init)
    GPIO_ReadInputDataBit                    0x080011db   Thumb Code    18  stm32f10x_gpio.o(i.GPIO_ReadInputDataBit)
    GPIO_ResetBits                           0x080011ed   Thumb Code     4  stm32f10x_gpio.o(i.GPIO_ResetBits)
    GPIO_SetBits                             0x080011f1   Thumb Code     4  stm32f10x_gpio.o(i.GPIO_SetBits)
    HAL_AllSwitch_Init                       0x080011f5   Thumb Code    12  hal_switch.o(i.HAL_AllSwitch_Init)
    HAL_ELECTRIC_ADAverageValue              0x08001201   Thumb Code    38  hal_electric.o(i.HAL_ELECTRIC_ADAverageValue)
    HAL_ELECTRIC_Init                        0x08001341   Thumb Code    12  hal_electric.o(i.HAL_ELECTRIC_Init)
    HAL_KEYBOARD_ISPRESSED                   0x0800134d   Thumb Code    22  hal_keyboard.o(i.HAL_KEYBOARD_ISPRESSED)
    HAL_KEYBOARD_Init                        0x08001369   Thumb Code    16  hal_keyboard.o(i.HAL_KEYBOARD_Init)
    HAL_LED_Init                             0x08001379   Thumb Code    88  hal_led.o(i.HAL_LED_Init)
    HAL_NVMEM_Erase                          0x080013d9   Thumb Code    26  hal_nvmem.o(i.HAL_NVMEM_Erase)
    HAL_NVMEM_GetCurrentRDAddr               0x080013f5   Thumb Code   100  hal_nvmem.o(i.HAL_NVMEM_GetCurrentRDAddr)
    HAL_NVMEM_GetCurrentWRAddr               0x0800145d   Thumb Code    74  hal_nvmem.o(i.HAL_NVMEM_GetCurrentWRAddr)
    HAL_NVMEM_GetRegionSize                  0x080014a9   Thumb Code    42  hal_nvmem.o(i.HAL_NVMEM_GetRegionSize)
    HAL_NVMEM_Read                           0x080014e1   Thumb Code   136  hal_nvmem.o(i.HAL_NVMEM_Read)
    HAL_NVMEM_VerifyData                     0x08001571   Thumb Code    72  hal_nvmem.o(i.HAL_NVMEM_VerifyData)
    HAL_NVMEM_Write                          0x080015b9   Thumb Code   124  hal_nvmem.o(i.HAL_NVMEM_Write)
    HAL_Timer_TIM3Init                       0x0800163d   Thumb Code    12  hal_timer.o(i.HAL_Timer_TIM3Init)
    HAL_Timer_TIM3Start                      0x08001649   Thumb Code    46  hal_timer.o(i.HAL_Timer_TIM3Start)
    HAL_Timer_TIM3_Config                    0x0800168d   Thumb Code    70  hal_timer.o(i.HAL_Timer_TIM3_Config)
    HAL_Timer_TIM3_NVIC_Config               0x080016d9   Thumb Code    40  hal_timer.o(i.HAL_Timer_TIM3_NVIC_Config)
    HAL_Timer_TIM4Init                       0x08001701   Thumb Code    12  hal_timer.o(i.HAL_Timer_TIM4Init)
    HAL_Timer_TIM4Start                      0x0800170d   Thumb Code    28  hal_timer.o(i.HAL_Timer_TIM4Start)
    HAL_Timer_TIM4Stop                       0x08001731   Thumb Code    26  hal_timer.o(i.HAL_Timer_TIM4Stop)
    HAL_Timer_TIM4_Config                    0x08001755   Thumb Code    70  hal_timer.o(i.HAL_Timer_TIM4_Config)
    HAL_Timer_TIM4_NVIC_Config               0x080017a1   Thumb Code    40  hal_timer.o(i.HAL_Timer_TIM4_NVIC_Config)
    HAL_UART_Init                            0x080017c9   Thumb Code    96  hal_uart.o(i.HAL_UART_Init)
    HardFault_Handler                        0x08001831   Thumb Code     4  stm32f10x_it.o(i.HardFault_Handler)
    LED_TWINKLE                              0x080018f9   Thumb Code    74  hal_led.o(i.LED_TWINKLE)
    MID_ELECTRIC_ClearVolt2Mem               0x0800194d   Thumb Code    26  mid_electric.o(i.MID_ELECTRIC_ClearVolt2Mem)
    MID_ELECTRIC_Collect12VAD                0x08001975   Thumb Code   200  mid_electric.o(i.MID_ELECTRIC_Collect12VAD)
    MID_ELECTRIC_Collect20Voltages           0x08001a71   Thumb Code    42  mid_electric.o(i.MID_ELECTRIC_Collect20Voltages)
    MID_ELECTRIC_Collect3VAD                 0x08001aa9   Thumb Code   208  mid_electric.o(i.MID_ELECTRIC_Collect3VAD)
    MID_ELECTRIC_QuaryVolt2Mem               0x08001bad   Thumb Code   176  mid_electric.o(i.MID_ELECTRIC_QuaryVolt2Mem)
    MID_ELECTRIC_SaveVolt2Mem                0x08001c95   Thumb Code   146  mid_electric.o(i.MID_ELECTRIC_SaveVolt2Mem)
    MID_ELECTRIC_SelfInspection              0x08001d35   Thumb Code   484  mid_electric.o(i.MID_ELECTRIC_SelfInspection)
    MID_KEYBOARD_KeyPressInit                0x08001fb1   Thumb Code     8  mid_keyboard.o(i.MID_KEYBOARD_KeyPressInit)
    MID_KEYBOARD_KeyState                    0x08001fbd   Thumb Code    74  mid_keyboard.o(i.MID_KEYBOARD_KeyState)
    MID_KEYBOARD_TASK                        0x08002011   Thumb Code     8  mid_keyboard.o(i.MID_KEYBOARD_TASK)
    MID_NVMEM_Read                           0x08002019   Thumb Code   146  mid_nvmem.o(i.MID_NVMEM_Read)
    MID_NVMEM_Write                          0x080020e9   Thumb Code    20  mid_nvmem.o(i.MID_NVMEM_Write)
    MemManage_Handler                        0x08002131   Thumb Code     4  stm32f10x_it.o(i.MemManage_Handler)
    NMI_Handler                              0x08002135   Thumb Code     2  stm32f10x_it.o(i.NMI_Handler)
    NVIC_Init                                0x08002139   Thumb Code   100  misc.o(i.NVIC_Init)
    NVIC_PriorityGroupConfig                 0x080021a9   Thumb Code    10  misc.o(i.NVIC_PriorityGroupConfig)
    PUB_LIB_CRC32                            0x080021bd   Thumb Code    40  pub_lib.o(i.PUB_LIB_CRC32)
    PUB_LIB_QuickSort                        0x080021e9   Thumb Code   124  pub_lib.o(i.PUB_LIB_QuickSort)
    PendSV_Handler                           0x08002265   Thumb Code     2  stm32f10x_it.o(i.PendSV_Handler)
    RCC_ADCCLKConfig                         0x08002269   Thumb Code    18  stm32f10x_rcc.o(i.RCC_ADCCLKConfig)
    RCC_AHBPeriphClockCmd                    0x08002281   Thumb Code    26  stm32f10x_rcc.o(i.RCC_AHBPeriphClockCmd)
    RCC_APB1PeriphClockCmd                   0x080022a1   Thumb Code    26  stm32f10x_rcc.o(i.RCC_APB1PeriphClockCmd)
    RCC_APB1PeriphResetCmd                   0x080022c1   Thumb Code    26  stm32f10x_rcc.o(i.RCC_APB1PeriphResetCmd)
    RCC_APB2PeriphClockCmd                   0x080022e1   Thumb Code    26  stm32f10x_rcc.o(i.RCC_APB2PeriphClockCmd)
    RCC_APB2PeriphResetCmd                   0x08002301   Thumb Code    26  stm32f10x_rcc.o(i.RCC_APB2PeriphResetCmd)
    RCC_GetClocksFreq                        0x08002321   Thumb Code   192  stm32f10x_rcc.o(i.RCC_GetClocksFreq)
    SVC_Handler                              0x080023f5   Thumb Code     2  stm32f10x_it.o(i.SVC_Handler)
    SysTick_CLKSourceConfig                  0x080024e1   Thumb Code    40  misc.o(i.SysTick_CLKSourceConfig)
    SysTick_Handler                          0x08002509   Thumb Code     2  stm32f10x_it.o(i.SysTick_Handler)
    SystemInit                               0x0800250d   Thumb Code    78  system_stm32f10x.o(i.SystemInit)
    TIM3_IRQHandler                          0x0800256d   Thumb Code   104  hal_timer.o(i.TIM3_IRQHandler)
    TIM4_IRQHandler                          0x080025f5   Thumb Code    52  hal_timer.o(i.TIM4_IRQHandler)
    TIM_ClearFlag                            0x08002635   Thumb Code     6  stm32f10x_tim.o(i.TIM_ClearFlag)
    TIM_Cmd                                  0x0800263b   Thumb Code    24  stm32f10x_tim.o(i.TIM_Cmd)
    TIM_DeInit                               0x08002655   Thumb Code   424  stm32f10x_tim.o(i.TIM_DeInit)
    TIM_GetFlagStatus                        0x0800283d   Thumb Code    18  stm32f10x_tim.o(i.TIM_GetFlagStatus)
    TIM_ITConfig                             0x0800284f   Thumb Code    18  stm32f10x_tim.o(i.TIM_ITConfig)
    TIM_TimeBaseInit                         0x08002861   Thumb Code   122  stm32f10x_tim.o(i.TIM_TimeBaseInit)
    USART_Cmd                                0x08002905   Thumb Code    24  stm32f10x_usart.o(i.USART_Cmd)
    USART_GetFlagStatus                      0x0800291d   Thumb Code    26  stm32f10x_usart.o(i.USART_GetFlagStatus)
    USART_Init                               0x08002939   Thumb Code   210  stm32f10x_usart.o(i.USART_Init)
    USART_SendData                           0x08002a11   Thumb Code     8  stm32f10x_usart.o(i.USART_SendData)
    UsageFault_Handler                       0x08002a19   Thumb Code     4  stm32f10x_it.o(i.UsageFault_Handler)
    __0printf                                0x08002a1d   Thumb Code    22  printfa.o(i.__0printf)
    __1printf                                0x08002a1d   Thumb Code     0  printfa.o(i.__0printf)
    __2printf                                0x08002a1d   Thumb Code     0  printfa.o(i.__0printf)
    __c89printf                              0x08002a1d   Thumb Code     0  printfa.o(i.__0printf)
    printf                                   0x08002a1d   Thumb Code     0  printfa.o(i.__0printf)
    __scatterload_copy                       0x08002a3d   Thumb Code    14  handlers.o(i.__scatterload_copy)
    __scatterload_null                       0x08002a4b   Thumb Code     2  handlers.o(i.__scatterload_null)
    __scatterload_zeroinit                   0x08002a4d   Thumb Code    14  handlers.o(i.__scatterload_zeroinit)
    fputc                                    0x08003311   Thumb Code    32  hal_uart.o(i.fputc)
    main                                     0x08003335   Thumb Code    74  main.o(i.main)
    Region$$Table$$Base                      0x08003798   Number         0  anon$$obj.o(Region$$Table)
    Region$$Table$$Limit                     0x080037b8   Number         0  anon$$obj.o(Region$$Table)
    SystemCoreClock                          0x20000004   Data           4  system_stm32f10x.o(.data)
    AHBPrescTable                            0x20000008   Data          16  system_stm32f10x.o(.data)
    g_u32Battery12VFlag                      0x20000018   Data           4  global.o(.data)
    g_u32Battery3VFlag                       0x2000001c   Data           4  global.o(.data)
    g_u8StartFlag                            0x20000020   Data           1  global.o(.data)
    g_u8Start                                0x20000021   Data           1  global.o(.data)
    g_u8QueryUartFlag                        0x20000022   Data           1  global.o(.data)
    g_u8ClearTimeFlag                        0x20000023   Data           1  global.o(.data)
    g_u8ClearFlag                            0x20000024   Data           1  global.o(.data)
    g_u8ADCSelfInspectionFlg                 0x20000025   Data           1  global.o(.data)
    g_u8TIM3Flg                              0x20000028   Data           1  hal_timer.o(.data)
    g_u32TIM3Time                            0x2000002c   Data           4  hal_timer.o(.data)
    g_u32TIM3Count                           0x20000030   Data           4  hal_timer.o(.data)
    g_u8TIM3RunState                         0x20000034   Data           1  hal_timer.o(.data)
    g_u8TIM4Flg                              0x20000035   Data           1  hal_timer.o(.data)
    g_u32TIM4Count                           0x20000038   Data           4  hal_timer.o(.data)
    g_u8TIM4RunState                         0x2000003c   Data           1  hal_timer.o(.data)
    g_u32Bat12VFlag                          0x20000040   Data           1  mid_electric.o(.data)
    g_u32Bat3VFlag                           0x20000041   Data           1  mid_electric.o(.data)
    count                                    0x20000044   Data           4  mid_electric.o(.data)
    g_u8StartKeyPressCunt                    0x20000048   Data           1  mid_keyboard.o(.data)
    __stdout                                 0x20000060   Data           4  stdout.o(.data)
    g_pu16ADC_ConverValue                    0x20000064   Data          20  hal_electric.o(.bss)
    __initial_sp                             0x20000478   Data           0  startup_stm32f10x_md.o(STACK)



==============================================================================

Memory Map of the image

  Image Entry point : 0x080000ed

  Load Region LR_IROM1 (Base: 0x08000000, Size: 0x0000381c, Max: 0x00020000, ABSOLUTE)

    Execution Region ER_IROM1 (Exec base: 0x08000000, Load base: 0x08000000, Size: 0x000037b8, Max: 0x00020000, ABSOLUTE)

    Exec Addr    Load Addr    Size         Type   Attr      Idx    E Section Name        Object

    0x08000000   0x08000000   0x000000ec   Data   RO          369    RESET               startup_stm32f10x_md.o
    0x080000ec   0x080000ec   0x00000000   Code   RO         2601  * .ARM.Collect$$$$00000000  mc_w.l(entry.o)
    0x080000ec   0x080000ec   0x00000004   Code   RO         2891    .ARM.Collect$$$$00000001  mc_w.l(entry2.o)
    0x080000f0   0x080000f0   0x00000004   Code   RO         2894    .ARM.Collect$$$$00000004  mc_w.l(entry5.o)
    0x080000f4   0x080000f4   0x00000000   Code   RO         2896    .ARM.Collect$$$$00000008  mc_w.l(entry7b.o)
    0x080000f4   0x080000f4   0x00000000   Code   RO         2898    .ARM.Collect$$$$0000000A  mc_w.l(entry8b.o)
    0x080000f4   0x080000f4   0x00000008   Code   RO         2899    .ARM.Collect$$$$0000000B  mc_w.l(entry9a.o)
    0x080000fc   0x080000fc   0x00000000   Code   RO         2901    .ARM.Collect$$$$0000000D  mc_w.l(entry10a.o)
    0x080000fc   0x080000fc   0x00000000   Code   RO         2903    .ARM.Collect$$$$0000000F  mc_w.l(entry11a.o)
    0x080000fc   0x080000fc   0x00000004   Code   RO         2892    .ARM.Collect$$$$00002712  mc_w.l(entry2.o)
    0x08000100   0x08000100   0x00000024   Code   RO          370    .text               startup_stm32f10x_md.o
    0x08000124   0x08000124   0x00000024   Code   RO         2606    .text               mc_w.l(memseta.o)
    0x08000148   0x08000148   0x000000b0   Code   RO         2873    .text               mf_w.l(fadd.o)
    0x080001f8   0x080001f8   0x00000064   Code   RO         2875    .text               mf_w.l(fmul.o)
    0x0800025c   0x0800025c   0x0000007c   Code   RO         2877    .text               mf_w.l(fdiv.o)
    0x080002d8   0x080002d8   0x000000e4   Code   RO         2879    .text               mf_w.l(dmul.o)
    0x080003bc   0x080003bc   0x000000de   Code   RO         2881    .text               mf_w.l(ddiv.o)
    0x0800049a   0x0800049a   0x0000000a   Code   RO         2883    .text               mf_w.l(ffltui.o)
    0x080004a4   0x080004a4   0x00000026   Code   RO         2887    .text               mf_w.l(f2d.o)
    0x080004ca   0x080004ca   0x00000038   Code   RO         2889    .text               mf_w.l(d2f.o)
    0x08000502   0x08000502   0x0000002c   Code   RO         2906    .text               mc_w.l(uidiv.o)
    0x0800052e   0x0800052e   0x00000062   Code   RO         2908    .text               mc_w.l(uldiv.o)
    0x08000590   0x08000590   0x00000000   Code   RO         2910    .text               mc_w.l(iusefp.o)
    0x08000590   0x08000590   0x0000006e   Code   RO         2911    .text               mf_w.l(fepilogue.o)
    0x080005fe   0x080005fe   0x000000ba   Code   RO         2913    .text               mf_w.l(depilogue.o)
    0x080006b8   0x080006b8   0x0000014e   Code   RO         2915    .text               mf_w.l(dadd.o)
    0x08000806   0x08000806   0x00000030   Code   RO         2917    .text               mf_w.l(dfixul.o)
    0x08000836   0x08000836   0x00000002   PAD
    0x08000838   0x08000838   0x00000030   Code   RO         2919    .text               mf_w.l(cdrcmple.o)
    0x08000868   0x08000868   0x00000024   Code   RO         2921    .text               mc_w.l(init.o)
    0x0800088c   0x0800088c   0x0000001e   Code   RO         2923    .text               mc_w.l(llshl.o)
    0x080008aa   0x080008aa   0x00000020   Code   RO         2925    .text               mc_w.l(llushr.o)
    0x080008ca   0x080008ca   0x00000024   Code   RO         2927    .text               mc_w.l(llsshr.o)
    0x080008ee   0x080008ee   0x00000016   Code   RO          875    i.ADC_Cmd           stm32f10x_adc.o
    0x08000904   0x08000904   0x00000016   Code   RO          876    i.ADC_DMACmd        stm32f10x_adc.o
    0x0800091a   0x0800091a   0x00000014   Code   RO          883    i.ADC_GetCalibrationStatus  stm32f10x_adc.o
    0x0800092e   0x0800092e   0x00000014   Code   RO          889    i.ADC_GetResetCalibrationStatus  stm32f10x_adc.o
    0x08000942   0x08000942   0x00000002   PAD
    0x08000944   0x08000944   0x00000050   Code   RO          893    i.ADC_Init          stm32f10x_adc.o
    0x08000994   0x08000994   0x000000b8   Code   RO          897    i.ADC_RegularChannelConfig  stm32f10x_adc.o
    0x08000a4c   0x08000a4c   0x0000000a   Code   RO          898    i.ADC_ResetCalibration  stm32f10x_adc.o
    0x08000a56   0x08000a56   0x00000016   Code   RO          900    i.ADC_SoftwareStartConvCmd  stm32f10x_adc.o
    0x08000a6c   0x08000a6c   0x0000000a   Code   RO          902    i.ADC_StartCalibration  stm32f10x_adc.o
    0x08000a76   0x08000a76   0x00000002   PAD
    0x08000a78   0x08000a78   0x00000110   Code   RO          815    i.APP_MAIN_Task     app_task.o
    0x08000b88   0x08000b88   0x00000064   Code   RO          549    i.BatterySwitch_Config  hal_switch.o
    0x08000bec   0x08000bec   0x00000004   Code   RO          246    i.BusFault_Handler  stm32f10x_it.o
    0x08000bf0   0x08000bf0   0x00000018   Code   RO         1117    i.DMA_Cmd           stm32f10x_dma.o
    0x08000c08   0x08000c08   0x0000014c   Code   RO         1118    i.DMA_DeInit        stm32f10x_dma.o
    0x08000d54   0x08000d54   0x0000003c   Code   RO         1123    i.DMA_Init          stm32f10x_dma.o
    0x08000d90   0x08000d90   0x00000002   Code   RO          247    i.DebugMon_Handler  stm32f10x_it.o
    0x08000d92   0x08000d92   0x00000002   PAD
    0x08000d94   0x08000d94   0x00000044   Code   RO            1    i.Delay_Init        delay.o
    0x08000dd8   0x08000dd8   0x0000004c   Code   RO            2    i.Delay_Ms          delay.o
    0x08000e24   0x08000e24   0x00000034   Code   RO          411    i.EXTI0_IRQHandler  hal_keyboard.o
    0x08000e58   0x08000e58   0x00000024   Code   RO          412    i.EXTI2_IRQHandler  hal_keyboard.o
    0x08000e7c   0x08000e7c   0x0000000c   Code   RO         1188    i.EXTI_ClearITPendingBit  stm32f10x_exti.o
    0x08000e88   0x08000e88   0x00000094   Code   RO         1193    i.EXTI_Init         stm32f10x_exti.o
    0x08000f1c   0x08000f1c   0x0000004c   Code   RO         1246    i.FLASH_ErasePage   stm32f10x_flash.o
    0x08000f68   0x08000f68   0x00000034   Code   RO         1247    i.FLASH_GetBank1Status  stm32f10x_flash.o
    0x08000f9c   0x08000f9c   0x0000006c   Code   RO         1261    i.FLASH_ProgramWord  stm32f10x_flash.o
    0x08001008   0x08001008   0x00000018   Code   RO         1264    i.FLASH_Unlock      stm32f10x_flash.o
    0x08001020   0x08001020   0x00000026   Code   RO         1268    i.FLASH_WaitForLastOperation  stm32f10x_flash.o
    0x08001046   0x08001046   0x00000018   Code   RO          480    i.FlashRead         hal_nvmem.o
    0x0800105e   0x0800105e   0x00000024   Code   RO          482    i.FlashWrite        hal_nvmem.o
    0x08001082   0x08001082   0x00000002   PAD
    0x08001084   0x08001084   0x00000040   Code   RO         1418    i.GPIO_EXTILineConfig  stm32f10x_gpio.o
    0x080010c4   0x080010c4   0x00000116   Code   RO         1421    i.GPIO_Init         stm32f10x_gpio.o
    0x080011da   0x080011da   0x00000012   Code   RO         1425    i.GPIO_ReadInputDataBit  stm32f10x_gpio.o
    0x080011ec   0x080011ec   0x00000004   Code   RO         1428    i.GPIO_ResetBits    stm32f10x_gpio.o
    0x080011f0   0x080011f0   0x00000004   Code   RO         1429    i.GPIO_SetBits      stm32f10x_gpio.o
    0x080011f4   0x080011f4   0x0000000c   Code   RO          550    i.HAL_AllSwitch_Init  hal_switch.o
    0x08001200   0x08001200   0x0000002c   Code   RO          374    i.HAL_ELECTRIC_ADAverageValue  hal_electric.o
    0x0800122c   0x0800122c   0x0000003c   Code   RO          375    i.HAL_ELECTRIC_ADC1_GPIO_Config  hal_electric.o
    0x08001268   0x08001268   0x000000d8   Code   RO          376    i.HAL_ELECTRIC_ADC1_Mode_Config  hal_electric.o
    0x08001340   0x08001340   0x0000000c   Code   RO          378    i.HAL_ELECTRIC_Init  hal_electric.o
    0x0800134c   0x0800134c   0x0000001c   Code   RO          413    i.HAL_KEYBOARD_ISPRESSED  hal_keyboard.o
    0x08001368   0x08001368   0x00000010   Code   RO          414    i.HAL_KEYBOARD_Init  hal_keyboard.o
    0x08001378   0x08001378   0x00000060   Code   RO          459    i.HAL_LED_Init      hal_led.o
    0x080013d8   0x080013d8   0x0000001a   Code   RO          483    i.HAL_NVMEM_Erase   hal_nvmem.o
    0x080013f2   0x080013f2   0x00000002   PAD
    0x080013f4   0x080013f4   0x00000068   Code   RO          484    i.HAL_NVMEM_GetCurrentRDAddr  hal_nvmem.o
    0x0800145c   0x0800145c   0x0000004a   Code   RO          485    i.HAL_NVMEM_GetCurrentWRAddr  hal_nvmem.o
    0x080014a6   0x080014a6   0x00000002   PAD
    0x080014a8   0x080014a8   0x00000038   Code   RO          486    i.HAL_NVMEM_GetRegionSize  hal_nvmem.o
    0x080014e0   0x080014e0   0x00000090   Code   RO          487    i.HAL_NVMEM_Read    hal_nvmem.o
    0x08001570   0x08001570   0x00000048   Code   RO          488    i.HAL_NVMEM_VerifyData  hal_nvmem.o
    0x080015b8   0x080015b8   0x00000084   Code   RO          489    i.HAL_NVMEM_Write   hal_nvmem.o
    0x0800163c   0x0800163c   0x0000000c   Code   RO          574    i.HAL_Timer_TIM3Init  hal_timer.o
    0x08001648   0x08001648   0x00000044   Code   RO          575    i.HAL_Timer_TIM3Start  hal_timer.o
    0x0800168c   0x0800168c   0x0000004c   Code   RO          577    i.HAL_Timer_TIM3_Config  hal_timer.o
    0x080016d8   0x080016d8   0x00000028   Code   RO          579    i.HAL_Timer_TIM3_NVIC_Config  hal_timer.o
    0x08001700   0x08001700   0x0000000c   Code   RO          580    i.HAL_Timer_TIM4Init  hal_timer.o
    0x0800170c   0x0800170c   0x00000024   Code   RO          581    i.HAL_Timer_TIM4Start  hal_timer.o
    0x08001730   0x08001730   0x00000024   Code   RO          582    i.HAL_Timer_TIM4Stop  hal_timer.o
    0x08001754   0x08001754   0x0000004c   Code   RO          583    i.HAL_Timer_TIM4_Config  hal_timer.o
    0x080017a0   0x080017a0   0x00000028   Code   RO          584    i.HAL_Timer_TIM4_NVIC_Config  hal_timer.o
    0x080017c8   0x080017c8   0x00000068   Code   RO          667    i.HAL_UART_Init     hal_uart.o
    0x08001830   0x08001830   0x00000004   Code   RO          248    i.HardFault_Handler  stm32f10x_it.o
    0x08001834   0x08001834   0x00000058   Code   RO          415    i.KEYBOARD_EXTICfg  hal_keyboard.o
    0x0800188c   0x0800188c   0x00000024   Code   RO          416    i.KEYBOARD_GPIOCfg  hal_keyboard.o
    0x080018b0   0x080018b0   0x00000046   Code   RO          417    i.KEYBOARD_NVICCfg  hal_keyboard.o
    0x080018f6   0x080018f6   0x00000002   PAD
    0x080018f8   0x080018f8   0x00000054   Code   RO          460    i.LED_TWINKLE       hal_led.o
    0x0800194c   0x0800194c   0x00000028   Code   RO          704    i.MID_ELECTRIC_ClearVolt2Mem  mid_electric.o
    0x08001974   0x08001974   0x000000fc   Code   RO          705    i.MID_ELECTRIC_Collect12VAD  mid_electric.o
    0x08001a70   0x08001a70   0x00000038   Code   RO          706    i.MID_ELECTRIC_Collect20Voltages  mid_electric.o
    0x08001aa8   0x08001aa8   0x00000104   Code   RO          707    i.MID_ELECTRIC_Collect3VAD  mid_electric.o
    0x08001bac   0x08001bac   0x000000e8   Code   RO          708    i.MID_ELECTRIC_QuaryVolt2Mem  mid_electric.o
    0x08001c94   0x08001c94   0x000000a0   Code   RO          709    i.MID_ELECTRIC_SaveVolt2Mem  mid_electric.o
    0x08001d34   0x08001d34   0x00000258   Code   RO          710    i.MID_ELECTRIC_SelfInspection  mid_electric.o
    0x08001f8c   0x08001f8c   0x00000024   Code   RO          758    i.MID_KEYBOARD_Deal  mid_keyboard.o
    0x08001fb0   0x08001fb0   0x0000000c   Code   RO          759    i.MID_KEYBOARD_KeyPressInit  mid_keyboard.o
    0x08001fbc   0x08001fbc   0x00000054   Code   RO          760    i.MID_KEYBOARD_KeyState  mid_keyboard.o
    0x08002010   0x08002010   0x00000008   Code   RO          761    i.MID_KEYBOARD_TASK  mid_keyboard.o
    0x08002018   0x08002018   0x000000d0   Code   RO          790    i.MID_NVMEM_Read    mid_nvmem.o
    0x080020e8   0x080020e8   0x00000014   Code   RO          791    i.MID_NVMEM_Write   mid_nvmem.o
    0x080020fc   0x080020fc   0x00000034   Code   RO          551    i.MasterSwitch_Config  hal_switch.o
    0x08002130   0x08002130   0x00000004   Code   RO          249    i.MemManage_Handler  stm32f10x_it.o
    0x08002134   0x08002134   0x00000002   Code   RO          250    i.NMI_Handler       stm32f10x_it.o
    0x08002136   0x08002136   0x00000002   PAD
    0x08002138   0x08002138   0x00000070   Code   RO          833    i.NVIC_Init         misc.o
    0x080021a8   0x080021a8   0x00000014   Code   RO          834    i.NVIC_PriorityGroupConfig  misc.o
    0x080021bc   0x080021bc   0x0000002c   Code   RO          176    i.PUB_LIB_CRC32     pub_lib.o
    0x080021e8   0x080021e8   0x0000007c   Code   RO          182    i.PUB_LIB_QuickSort  pub_lib.o
    0x08002264   0x08002264   0x00000002   Code   RO          251    i.PendSV_Handler    stm32f10x_it.o
    0x08002266   0x08002266   0x00000002   PAD
    0x08002268   0x08002268   0x00000018   Code   RO         1529    i.RCC_ADCCLKConfig  stm32f10x_rcc.o
    0x08002280   0x08002280   0x00000020   Code   RO         1530    i.RCC_AHBPeriphClockCmd  stm32f10x_rcc.o
    0x080022a0   0x080022a0   0x00000020   Code   RO         1531    i.RCC_APB1PeriphClockCmd  stm32f10x_rcc.o
    0x080022c0   0x080022c0   0x00000020   Code   RO         1532    i.RCC_APB1PeriphResetCmd  stm32f10x_rcc.o
    0x080022e0   0x080022e0   0x00000020   Code   RO         1533    i.RCC_APB2PeriphClockCmd  stm32f10x_rcc.o
    0x08002300   0x08002300   0x00000020   Code   RO         1534    i.RCC_APB2PeriphResetCmd  stm32f10x_rcc.o
    0x08002320   0x08002320   0x000000d4   Code   RO         1541    i.RCC_GetClocksFreq  stm32f10x_rcc.o
    0x080023f4   0x080023f4   0x00000002   Code   RO          252    i.SVC_Handler       stm32f10x_it.o
    0x080023f6   0x080023f6   0x00000008   Code   RO          309    i.SetSysClock       system_stm32f10x.o
    0x080023fe   0x080023fe   0x00000002   PAD
    0x08002400   0x08002400   0x000000e0   Code   RO          310    i.SetSysClockTo72   system_stm32f10x.o
    0x080024e0   0x080024e0   0x00000028   Code   RO          837    i.SysTick_CLKSourceConfig  misc.o
    0x08002508   0x08002508   0x00000002   Code   RO          253    i.SysTick_Handler   stm32f10x_it.o
    0x0800250a   0x0800250a   0x00000002   PAD
    0x0800250c   0x0800250c   0x00000060   Code   RO          312    i.SystemInit        system_stm32f10x.o
    0x0800256c   0x0800256c   0x00000088   Code   RO          585    i.TIM3_IRQHandler   hal_timer.o
    0x080025f4   0x080025f4   0x00000040   Code   RO          586    i.TIM4_IRQHandler   hal_timer.o
    0x08002634   0x08002634   0x00000006   Code   RO         1883    i.TIM_ClearFlag     stm32f10x_tim.o
    0x0800263a   0x0800263a   0x00000018   Code   RO         1889    i.TIM_Cmd           stm32f10x_tim.o
    0x08002652   0x08002652   0x00000002   PAD
    0x08002654   0x08002654   0x000001e8   Code   RO         1894    i.TIM_DeInit        stm32f10x_tim.o
    0x0800283c   0x0800283c   0x00000012   Code   RO         1909    i.TIM_GetFlagStatus  stm32f10x_tim.o
    0x0800284e   0x0800284e   0x00000012   Code   RO         1914    i.TIM_ITConfig      stm32f10x_tim.o
    0x08002860   0x08002860   0x000000a4   Code   RO         1960    i.TIM_TimeBaseInit  stm32f10x_tim.o
    0x08002904   0x08002904   0x00000018   Code   RO         2425    i.USART_Cmd         stm32f10x_usart.o
    0x0800291c   0x0800291c   0x0000001a   Code   RO         2428    i.USART_GetFlagStatus  stm32f10x_usart.o
    0x08002936   0x08002936   0x00000002   PAD
    0x08002938   0x08002938   0x000000d8   Code   RO         2432    i.USART_Init        stm32f10x_usart.o
    0x08002a10   0x08002a10   0x00000008   Code   RO         2442    i.USART_SendData    stm32f10x_usart.o
    0x08002a18   0x08002a18   0x00000004   Code   RO          254    i.UsageFault_Handler  stm32f10x_it.o
    0x08002a1c   0x08002a1c   0x00000020   Code   RO         2845    i.__0printf         mc_w.l(printfa.o)
    0x08002a3c   0x08002a3c   0x0000000e   Code   RO         2931    i.__scatterload_copy  mc_w.l(handlers.o)
    0x08002a4a   0x08002a4a   0x00000002   Code   RO         2932    i.__scatterload_null  mc_w.l(handlers.o)
    0x08002a4c   0x08002a4c   0x0000000e   Code   RO         2933    i.__scatterload_zeroinit  mc_w.l(handlers.o)
    0x08002a5a   0x08002a5a   0x00000002   PAD
    0x08002a5c   0x08002a5c   0x00000184   Code   RO         2852    i._fp_digits        mc_w.l(printfa.o)
    0x08002be0   0x08002be0   0x000006dc   Code   RO         2853    i._printf_core      mc_w.l(printfa.o)
    0x080032bc   0x080032bc   0x00000024   Code   RO         2854    i._printf_post_padding  mc_w.l(printfa.o)
    0x080032e0   0x080032e0   0x0000002e   Code   RO         2855    i._printf_pre_padding  mc_w.l(printfa.o)
    0x0800330e   0x0800330e   0x00000002   PAD
    0x08003310   0x08003310   0x00000024   Code   RO          670    i.fputc             hal_uart.o
    0x08003334   0x08003334   0x00000064   Code   RO          118    i.main              main.o
    0x08003398   0x08003398   0x00000400   Data   RO          185    .constdata          pub_lib.o
    0x08003798   0x08003798   0x00000020   Data   RO         2929    Region$$Table       anon$$obj.o


    Execution Region RW_IRAM1 (Exec base: 0x20000000, Load base: 0x080037b8, Size: 0x00000478, Max: 0x00005000, ABSOLUTE)

    Exec Addr    Load Addr    Size         Type   Attr      Idx    E Section Name        Object

    0x20000000   0x080037b8   0x00000004   Data   RW            4    .data               delay.o
    0x20000004   0x080037bc   0x00000014   Data   RW          313    .data               system_stm32f10x.o
    0x20000018   0x080037d0   0x0000000e   Data   RW          343    .data               global.o
    0x20000026   0x080037de   0x00000002   PAD
    0x20000028   0x080037e0   0x00000015   Data   RW          587    .data               hal_timer.o
    0x2000003d   0x080037f5   0x00000003   PAD
    0x20000040   0x080037f8   0x00000008   Data   RW          711    .data               mid_electric.o
    0x20000048   0x08003800   0x00000001   Data   RW          762    .data               mid_keyboard.o
    0x20000049   0x08003801   0x00000014   Data   RW         1561    .data               stm32f10x_rcc.o
    0x2000005d   0x08003815   0x00000003   PAD
    0x20000060   0x08003818   0x00000004   Data   RW         2905    .data               mc_w.l(stdout.o)
    0x20000064        -       0x00000014   Zero   RW          379    .bss                hal_electric.o
    0x20000078        -       0x00000400   Zero   RW          367    STACK               startup_stm32f10x_md.o


==============================================================================

Image component sizes


      Code (inc. data)   RO Data    RW Data    ZI Data      Debug   Object Name

       272        146          0          0          0        544   app_task.o
         0          0          0          0          0         32   core_cm3.o
       144         22          0          4          0     279720   delay.o
         0          0          0         14          0        848   global.o
       332         24          0          0         20       3054   hal_electric.o
       326         30          0          0          0       3911   hal_keyboard.o
       180         18          0          0          0        993   hal_led.o
       668         34          0          0          0       8349   hal_nvmem.o
       164         14          0          0          0       1401   hal_switch.o
       596         96          0         21          0       5949   hal_timer.o
       140         12          0          0          0       2356   hal_uart.o
       100         26          0          0          0        483   main.o
      1600        318          0          8          0       5803   mid_electric.o
       140         22          0          1          0       2152   mid_keyboard.o
       228         62          0          0          0      17046   mid_nvmem.o
       172         22          0          0          0       1957   misc.o
       168          4       1024          0          0       1844   pub_lib.o
        36          8        236          0       1024        788   startup_stm32f10x_md.o
       390         10          0          0          0       7161   stm32f10x_adc.o
       416          8          0          0          0       3322   stm32f10x_dma.o
       160         12          0          0          0       1421   stm32f10x_exti.o
       298         26          0          0          0       4249   stm32f10x_flash.o
       368          4          0          0          0       4122   stm32f10x_gpio.o
        26          0          0          0          0       3754   stm32f10x_it.o
       396         56          0         20          0       6491   stm32f10x_rcc.o
       718        106          0          0          0       4085   stm32f10x_tim.o
       274          6          0          0          0       3884   stm32f10x_usart.o
       328         28          0         20          0       2105   system_stm32f10x.o

    ----------------------------------------------------------------------
      8666       1114       1292         96       1044     377824   Object Totals
         0          0         32          0          0          0   (incl. Generated)
        26          0          0          8          0          0   (incl. Padding)

    ----------------------------------------------------------------------

      Code (inc. data)   RO Data    RW Data    ZI Data      Debug   Library Member Name

         0          0          0          0          0          0   entry.o
         0          0          0          0          0          0   entry10a.o
         0          0          0          0          0          0   entry11a.o
         8          4          0          0          0          0   entry2.o
         4          0          0          0          0          0   entry5.o
         0          0          0          0          0          0   entry7b.o
         0          0          0          0          0          0   entry8b.o
         8          4          0          0          0          0   entry9a.o
        30          0          0          0          0          0   handlers.o
        36          8          0          0          0         68   init.o
         0          0          0          0          0          0   iusefp.o
        30          0          0          0          0         68   llshl.o
        36          0          0          0          0         68   llsshr.o
        32          0          0          0          0         68   llushr.o
        36          0          0          0          0        108   memseta.o
      2258         90          0          0          0        452   printfa.o
         0          0          0          4          0          0   stdout.o
        44          0          0          0          0         80   uidiv.o
        98          0          0          0          0         92   uldiv.o
        48          0          0          0          0         68   cdrcmple.o
        56          0          0          0          0         88   d2f.o
       334          0          0          0          0        148   dadd.o
       222          0          0          0          0        100   ddiv.o
       186          0          0          0          0        176   depilogue.o
        48          0          0          0          0         68   dfixul.o
       228          0          0          0          0         96   dmul.o
        38          0          0          0          0         68   f2d.o
       176          0          0          0          0        140   fadd.o
       124          0          0          0          0         88   fdiv.o
       110          0          0          0          0        168   fepilogue.o
        10          0          0          0          0         68   ffltui.o
       100          0          0          0          0         76   fmul.o

    ----------------------------------------------------------------------
      4306        106          0          4          0       2356   Library Totals
         6          0          0          0          0          0   (incl. Padding)

    ----------------------------------------------------------------------

      Code (inc. data)   RO Data    RW Data    ZI Data      Debug   Library Name

      2620        106          0          4          0       1004   mc_w.l
      1680          0          0          0          0       1352   mf_w.l

    ----------------------------------------------------------------------
      4306        106          0          4          0       2356   Library Totals

    ----------------------------------------------------------------------

==============================================================================


      Code (inc. data)   RO Data    RW Data    ZI Data      Debug   

     12972       1220       1292        100       1044     373468   Grand Totals
     12972       1220       1292        100       1044     373468   ELF Image Totals
     12972       1220       1292        100          0          0   ROM Totals

==============================================================================

    Total RO  Size (Code + RO Data)                14264 (  13.93kB)
    Total RW  Size (RW Data + ZI Data)              1144 (   1.12kB)
    Total ROM Size (Code + RO Data + RW Data)      14364 (  14.03kB)

==============================================================================

